Component: ARM Compiler 5.05 update 1 (build 106) Tool: armlink [4d0efa]

==============================================================================

Section Cross References

    main.o(.text) refers to _printf_percent.o(.ARM.Collect$$_printf_percent$$00000000) for _printf_percent
    main.o(.text) refers to _printf_f.o(.ARM.Collect$$_printf_percent$$00000003) for _printf_f
    main.o(.text) refers to printf1.o(x$fpl$printf1) for _printf_fp_dec
    main.o(.text) refers to delay.o(.text) for delay_ms
    main.o(.text) refers to misc.o(.text) for NVIC_PriorityGroupConfig
    main.o(.text) refers to can.o(.text) for CAN1_Configuration
    main.o(.text) refers to pstwo.o(.text) for PS2_Init
    main.o(.text) refers to led.o(.text) for LED_Init
    main.o(.text) refers to adc.o(.text) for Adc_Init
    main.o(.text) refers to usart.o(.text) for uart_init
    main.o(.text) refers to usart3.o(.text) for usart3_init
    main.o(.text) refers to timer.o(.text) for TIM3_Int_Init
    main.o(.text) refers to f2d.o(x$fpl$f2d) for __aeabi_f2d
    main.o(.text) refers to __2printf.o(.text) for __2printf
    main.o(.text) refers to daddsub_clz.o(x$fpl$dadd) for __aeabi_dadd
    main.o(.text) refers to d2f.o(x$fpl$d2f) for __aeabi_d2f
    main.o(.text) refers to daddsub_clz.o(x$fpl$dsub) for __aeabi_dsub
    main.o(.text) refers to usart3.o(.data) for zangle
    main.o(.text) refers to pstwo.o(.bss) for Data
    main.o(.text) refers to main.o(.data) for DATAWBefore
    system_stm32f4xx.o(.text) refers to system_stm32f4xx.o(.data) for SystemCoreClock
    usart3.o(.text) refers to drleqf.o(x$fpl$drleqf) for __aeabi_cdrcmple
    usart3.o(.text) refers to daddsub_clz.o(x$fpl$dsub) for __aeabi_dsub
    usart3.o(.text) refers to daddsub_clz.o(x$fpl$dadd) for __aeabi_dadd
    usart3.o(.text) refers to daddsub_clz.o(x$fpl$drsb) for __aeabi_drsub
    usart3.o(.text) refers to stm32f4xx_usart.o(.text) for USART_GetITStatus
    usart3.o(.text) refers to f2d.o(x$fpl$f2d) for __aeabi_f2d
    usart3.o(.text) refers to ddiv.o(x$fpl$ddiv) for __aeabi_ddiv
    usart3.o(.text) refers to d2f.o(x$fpl$d2f) for __aeabi_d2f
    usart3.o(.text) refers to stm32f4xx_rcc.o(.text) for RCC_AHB1PeriphClockCmd
    usart3.o(.text) refers to stm32f4xx_gpio.o(.text) for GPIO_PinAFConfig
    usart3.o(.text) refers to misc.o(.text) for NVIC_Init
    usart3.o(.text) refers to c89vsprintf.o(.text) for __c89vsprintf
    usart3.o(.text) refers to strlen.o(.text) for strlen
    usart3.o(.text) refers to usart3.o(.data) for ch1
    usart3.o(.text) refers to usart3.o(.bss) for Receive_Float
    usart2.o(.text) refers to stm32f4xx_usart.o(.text) for USART_GetITStatus
    usart2.o(.text) refers to stm32f4xx_rcc.o(.text) for RCC_AHB1PeriphClockCmd
    usart2.o(.text) refers to stm32f4xx_gpio.o(.text) for GPIO_PinAFConfig
    usart2.o(.text) refers to misc.o(.text) for NVIC_Init
    usart2.o(.text) refers to c89vsprintf.o(.text) for __c89vsprintf
    usart2.o(.text) refers to strlen.o(.text) for strlen
    usart2.o(.text) refers to usart2.o(.data) for ch2
    usart2.o(.text) refers to usart2.o(.bss) for Receive_Int
    led.o(.text) refers to stm32f4xx_rcc.o(.text) for RCC_AHB1PeriphClockCmd
    led.o(.text) refers to stm32f4xx_gpio.o(.text) for GPIO_Init
    led.o(.text) refers to can.o(.text) for CAN_RoboModule_DRV_Velocity_Position_Mode
    led.o(.text) refers to pwm.o(.text) for servo1
    led.o(.text) refers to f2d.o(x$fpl$f2d) for __aeabi_f2d
    led.o(.text) refers to daddsub_clz.o(x$fpl$dadd) for __aeabi_dadd
    led.o(.text) refers to d2f.o(x$fpl$d2f) for __aeabi_d2f
    led.o(.text) refers to drleqf.o(x$fpl$drleqf) for __aeabi_cdrcmple
    led.o(.text) refers to can.o(.data) for Real_Ctl1_Value
    led.o(.text) refers to led.o(.data) for flagna
    led.o(.text) refers to can.o(.bss) for Real_Position_Value
    key.o(.text) refers to stm32f4xx_rcc.o(.text) for RCC_AHB1PeriphClockCmd
    key.o(.text) refers to stm32f4xx_gpio.o(.text) for GPIO_Init
    key.o(.text) refers to delay.o(.text) for delay_ms
    key.o(.text) refers to key.o(.data) for key_up
    can.o(.text) refers to stm32f4xx_rcc.o(.text) for RCC_AHB1PeriphClockCmd
    can.o(.text) refers to stm32f4xx_gpio.o(.text) for GPIO_Init
    can.o(.text) refers to stm32f4xx_can.o(.text) for CAN_Init
    can.o(.text) refers to dflt_clz.o(x$fpl$dflt) for __aeabi_i2d
    can.o(.text) refers to dmul.o(x$fpl$dmul) for __aeabi_dmul
    can.o(.text) refers to daddsub_clz.o(x$fpl$dadd) for __aeabi_dadd
    can.o(.text) refers to dfix.o(x$fpl$dfix) for __aeabi_d2iz
    can.o(.text) refers to can.o(.data) for num1
    can.o(.text) refers to main.o(.bss) for CMFB1
    can.o(.text) refers to sys.o(.text) for OutPut_Data
    can.o(.text) refers to f2d.o(x$fpl$f2d) for __aeabi_f2d
    can.o(.text) refers to cos.o(i.__hardfp_cos) for __hardfp_cos
    can.o(.text) refers to sin.o(i.__hardfp_sin) for __hardfp_sin
    can.o(.text) refers to sys.o(.bss) for OutData
    can.o(.text) refers to usart3.o(.data) for pos_x
[...]
    CAN1_Mode_Init                           0x08001651   Thumb Code   208  can.o(.text)
    CAN_Send                                 0x08001721   Thumb Code    80  can.o(.text)
    CAN1_Send_Msg                            0x08001771   Thumb Code   104  can.o(.text)
    MotorPID                                 0x080017d9   Thumb Code   288  can.o(.text)
    MotorPID2                                0x080018f9   Thumb Code   288  can.o(.text)
    SendSpeed                                0x08001a19   Thumb Code   406  can.o(.text)
    CAN1_Receive_Msg                         0x08001baf   Thumb Code   102  can.o(.text)
    Position_Control                         0x08001c15   Thumb Code  1696  can.o(.text)
    GetMotorSpeed                            0x080022b5   Thumb Code  1088  can.o(.text)
    power                                    0x080026f5   Thumb Code    32  can.o(.text)
    Trajectory_Planning1                     0x08002715   Thumb Code   284  can.o(.text)
    Trajectory_Planning1_                    0x08002831   Thumb Code   310  can.o(.text)
    CAN_RoboModule_DRV_Velocity_Position_Mode 0x08002981   Thumb Code   224  can.o(.text)
    Trajectory_Planning2                     0x08002a61   Thumb Code   296  can.o(.text)
    Trajectory_Planning3                     0x08002b89   Thumb Code   370  can.o(.text)
    Trajectory_Planning3_5                   0x08002cfb   Thumb Code   200  can.o(.text)
    Trajectory_Planning4                     0x08002dc3   Thumb Code   304  can.o(.text)
    Trajectory_Planning5                     0x08002ef3   Thumb Code   302  can.o(.text)
    Pos_Laser_Control                        0x08003021   Thumb Code   520  can.o(.text)
    CAN1_Configuration                       0x08003229   Thumb Code   262  can.o(.text)
    CAN1_TX_IRQHandler                       0x0800332f   Thumb Code    28  can.o(.text)
    CAN_RoboModule_DRV_Reset                 0x0800334b   Thumb Code   148  can.o(.text)
    CAN_RoboModule_DRV_Mode_Choice           0x080033df   Thumb Code   148  can.o(.text)
    CAN_RoboModule_DRV_FeedbackMode_Choice   0x08003473   Thumb Code   148  can.o(.text)
    CAN_RoboModule_DRV_Get_Current_Velocity_Position_Mode 0x08003507   Thumb Code   232  can.o(.text)
    CAN_RoboModule_DRV_Get_CTL1_CTL2_Mode    0x080035ef   Thumb Code   170  can.o(.text)
    CAN_RoboModule_DRV_OpenLoop_Mode         0x08003699   Thumb Code   172  can.o(.text)
    CAN_RoboModule_DRV_Current_Mode          0x08003745   Thumb Code   196  can.o(.text)
    CAN_RoboModule_DRV_Velocity_Mode         0x08003809   Thumb Code   196  can.o(.text)
    CAN_RoboModule_DRV_Position_Mode         0x080038cd   Thumb Code   216  can.o(.text)
    CAN_RoboModule_DRV_Current_Velocity_Mode 0x080039a5   Thumb Code   176  can.o(.text)
    CAN_RoboModule_DRV_Current_Position_Mode 0x08003a55   Thumb Code   180  can.o(.text)
    CAN_RoboModule_DRV_Current_Velocity_Position_Mode 0x08003b09   Thumb Code   204  can.o(.text)
    CAN_RoboModule_DRV_Config                0x08003bd5   Thumb Code   154  can.o(.text)
    CAN_RoboModule_DRV_Online_Check          0x08003c6f   Thumb Code   148  can.o(.text)
    CAN1_RX0_IRQHandler                      0x08003d03   Thumb Code   686  can.o(.text)
    Schedule                                 0x08003fd9   Thumb Code  1554  timer.o(.text)
    TIM3_Int_Init                            0x080045eb   Thumb Code    90  timer.o(.text)
    TIM3_IRQHandler                          0x08004645   Thumb Code    32  timer.o(.text)
    Adc_Init                                 0x0800468d   Thumb Code   124  adc.o(.text)
    Get_Adc                                  0x08004709   Thumb Code    44  adc.o(.text)
    Get_Adc_Average                          0x08004735   Thumb Code    46  adc.o(.text)
    TIM9_CH1_PWM_Init                        0x0800476d   Thumb Code   160  pwm.o(.text)
    TIM9_CH2_PWM_Init                        0x0800480d   Thumb Code   160  pwm.o(.text)
    servo1                                   0x080048ad   Thumb Code    64  pwm.o(.text)
    servo2                                   0x080048ed   Thumb Code    64  pwm.o(.text)
    PS2_Init                                 0x08004935   Thumb Code   108  pstwo.o(.text)
    PS2_Cmd                                  0x080049a1   Thumb Code   116  pstwo.o(.text)
    PS2_RedLight                             0x08004a15   Thumb Code    50  pstwo.o(.text)
    PS2_ReadData                             0x08004a47   Thumb Code   210  pstwo.o(.text)
    PS2_ClearData                            0x08004b19   Thumb Code    20  pstwo.o(.text)
    PS2_DataKey                              0x08004b2d   Thumb Code    70  pstwo.o(.text)
    PS2_DataKey_Once                         0x08004b73   Thumb Code    32  pstwo.o(.text)
    PS2_AnologData                           0x08004b93   Thumb Code     8  pstwo.o(.text)
    PS2_Vibration                            0x08004b9b   Thumb Code    90  pstwo.o(.text)
    PS2_ShortPoll                            0x08004bf5   Thumb Code    62  pstwo.o(.text)
    PS2_EnterConfing                         0x08004c33   Thumb Code    86  pstwo.o(.text)
    PS2_TurnOnAnalogMode                     0x08004c89   Thumb Code    80  pstwo.o(.text)
    PS2_VibrationMode                        0x08004cd9   Thumb Code    62  pstwo.o(.text)
    PS2_ExitConfing                          0x08004d17   Thumb Code   134  pstwo.o(.text)
    PS2_SetInit                              0x08004d9d   Thumb Code    32  pstwo.o(.text)
    delay_init                               0x08004dc1   Thumb Code    52  delay.o(.text)
    delay_us                                 0x08004df5   Thumb Code    72  delay.o(.text)
    delay_xms                                0x08004e3d   Thumb Code    72  delay.o(.text)
    delay_ms                                 0x08004e85   Thumb Code    28  delay.o(.text)
    CRC_CHECK                                0x08004ea9   Thumb Code    58  sys.o(.text)
    OutPut_Data                              0x08004ee3   Thumb Code   170  sys.o(.text)
    _sys_exit                                0x08004fa1   Thumb Code     4  usart.o(.text)
    fputc                                    0x08004fa5   Thumb Code    22  usart.o(.text)
    uart_init                                0x08004fbb   Thumb Code   164  usart.o(.text)
    USART1_IRQHandler                        0x0800505f   Thumb Code    84  usart.o(.text)
    Reset_Handler                            0x080050c5   Thumb Code     8  startup_stm32f40_41xxx.o(.text)
    ADC_IRQHandler                           0x080050df   Thumb Code     0  startup_stm32f40_41xxx.o(.text)
    CAN1_RX1_IRQHandler                      0x080050df   Thumb Code     0  startup_stm32f40_41xxx.o(.text)
    CAN1_SCE_IRQHandler                      0x080050df   Thumb Code     0  startup_stm32f40_41xxx.o(.text)
    CAN2_RX0_IRQHandler                      0x080050df   Thumb Code     0  startup_stm32f40_41xxx.o(.text)
    CAN2_RX1_IRQHandler                      0x080050df   Thumb Code     0  startup_stm32f40_41xxx.o(.text)
    CAN2_SCE_IRQHandler                      0x080050df   Thumb Code     0  startup_stm32f40_41xxx.o(.text)
    CAN2_TX_IRQHandler                       0x080050df   Thumb Code     0  startup_stm32f40_41xxx.o(.text)
    CRYP_IRQHandler                          0x080050df   Thumb Code     0  startup_stm32f40_41xxx.o(.text)
    DCMI_IRQHandler                          0x080050df   Thumb Code     0  startup_stm32f40_41xxx.o(.text)
    DMA1_Stream0_IRQHandler                  0x080050df   Thumb Code     0  startup_stm32f40_41xxx.o(.text)
    DMA1_Stream1_IRQHandler                  0x080050df   Thumb Code     0  startup_stm32f40_41xxx.o(.text)
    DMA1_Stream2_IRQHandler                  0x080050df   Thumb Code     0  startup_stm32f40_41xxx.o(.text)
    DMA1_Stream3_IRQHandler                  0x080050df   Thumb Code     0  startup_stm32f40_41xxx.o(.text)
    DMA1_Stream4_IRQHandler                  0x080050df   Thumb Code     0  startup_stm32f40_41xxx.o(.text)
    DMA1_Stream5_IRQHandler                  0x080050df   Thumb Code     0  startup_stm32f40_41xxx.o(.text)
    DMA1_Stream6_IRQHandler                  0x080050df   Thumb Code     0  startup_stm32f40_41xxx.o(.text)
    DMA1_Stream7_IRQHandler                  0x080050df   Thumb Code     0  startup_stm32f40_41xxx.o(.text)
    DMA2_Stream0_IRQHandler                  0x080050df   Thumb Code     0  startup_stm32f40_41xxx.o(.text)
    DMA2_Stream1_IRQHandler                  0x080050df   Thumb Code     0  startup_stm32f40_41xxx.o(.text)
    DMA2_Stream2_IRQHandler                  0x080050df   Thumb Code     0  startup_stm32f40_41xxx.o(.text)
    DMA2_Stream3_IRQHandler                  0x080050df   Thumb Code     0  startup_stm32f40_41xxx.o(.text)
    DMA2_Stream4_IRQHandler                  0x080050df   Thumb Code     0  startup_stm32f40_41xxx.o(.text)
    DMA2_Stream5_IRQHandler                  0x080050df   Thumb Code     0  startup_stm32f40_41xxx.o(.text)
    DMA2_Stream6_IRQHandler                  0x080050df   Thumb Code     0  startup_stm32f40_41xxx.o(.text)
    DMA2_Stream7_IRQHandler                  0x080050df   Thumb Code     0  startup_stm32f40_41xxx.o(.text)
    ETH_IRQHandler                           0x080050df   Thumb Code     0  startup_stm32f40_41xxx.o(.text)
    ETH_WKUP_IRQHandler                      0x080050df   Thumb Code     0  startup_stm32f40_41xxx.o(.text)
    EXTI0_IRQHandler                         0x080050df   Thumb Code     0  startup_stm32f40_41xxx.o(.text)
    EXTI15_10_IRQHandler                     0x080050df   Thumb Code     0  startup_stm32f40_41xxx.o(.text)
    EXTI1_IRQHandler                         0x080050df   Thumb Code     0  startup_stm32f40_41xxx.o(.text)
    EXTI2_IRQHandler                         0x080050df   Thumb Code     0  startup_stm32f40_41xxx.o(.text)
    EXTI3_IRQHandler                         0x080050df   Thumb Code     0  startup_stm32f40_41xxx.o(.text)
    EXTI4_IRQHandler                         0x080050df   Thumb Code     0  startup_stm32f40_41xxx.o(.text)
    EXTI9_5_IRQHandler                       0x080050df   Thumb Code     0  startup_stm32f40_41xxx.o(.text)
    FLASH_IRQHandler                         0x080050df   Thumb Code     0  startup_stm32f40_41xxx.o(.text)
    FPU_IRQHandler                           0x080050df   Thumb Code     0  startup_stm32f40_41xxx.o(.text)
    FSMC_IRQHandler                          0x080050df   Thumb Code     0  startup_stm32f40_41xxx.o(.text)
    HASH_RNG_IRQHandler                      0x080050df   Thumb Code     0  startup_stm32f40_41xxx.o(.text)
    I2C1_ER_IRQHandler                       0x080050df   Thumb Code     0  startup_stm32f40_41xxx.o(.text)
    I2C1_EV_IRQHandler                       0x080050df   Thumb Code     0  startup_stm32f40_41xxx.o(.text)
    I2C2_ER_IRQHandler                       0x080050df   Thumb Code     0  startup_stm32f40_41xxx.o(.text)
    I2C2_EV_IRQHandler                       0x080050df   Thumb Code     0  startup_stm32f40_41xxx.o(.text)
    I2C3_ER_IRQHandler                       0x080050df   Thumb Code     0  startup_stm32f40_41xxx.o(.text)
    I2C3_EV_IRQHandler                       0x080050df   Thumb Code     0  startup_stm32f40_41xxx.o(.text)
    OTG_FS_IRQHandler                        0x080050df   Thumb Code     0  startup_stm32f40_41xxx.o(.text)
    OTG_FS_WKUP_IRQHandler                   0x080050df   Thumb Code     0  startup_stm32f40_41xxx.o(.text)
    OTG_HS_EP1_IN_IRQHandler                 0x080050df   Thumb Code     0  startup_stm32f40_41xxx.o(.text)
    OTG_HS_EP1_OUT_IRQHandler                0x080050df   Thumb Code     0  startup_stm32f40_41xxx.o(.text)
    OTG_HS_IRQHandler                        0x080050df   Thumb Code     0  startup_stm32f40_41xxx.o(.text)
    OTG_HS_WKUP_IRQHandler                   0x080050df   Thumb Code     0  startup_stm32f40_41xxx.o(.text)
    PVD_IRQHandler                           0x080050df   Thumb Code     0  startup_stm32f40_41xxx.o(.text)
    RCC_IRQHandler                           0x080050df   Thumb Code     0  startup_stm32f40_41xxx.o(.text)
    RTC_Alarm_IRQHandler                     0x080050df   Thumb Code     0  startup_stm32f40_41xxx.o(.text)
    RTC_WKUP_IRQHandler                      0x080050df   Thumb Code     0  startup_stm32f40_41xxx.o(.text)
    SDIO_IRQHandler                          0x080050df   Thumb Code     0  startup_stm32f40_41xxx.o(.text)
    SPI1_IRQHandler                          0x080050df   Thumb Code     0  startup_stm32f40_41xxx.o(.text)
    SPI2_IRQHandler                          0x080050df   Thumb Code     0  startup_stm32f40_41xxx.o(.text)
    SPI3_IRQHandler                          0x080050df   Thumb Code     0  startup_stm32f40_41xxx.o(.text)
    TAMP_STAMP_IRQHandler                    0x080050df   Thumb Code     0  startup_stm32f40_41xxx.o(.text)
    TIM1_BRK_TIM9_IRQHandler                 0x080050df   Thumb Code     0  startup_stm32f40_41xxx.o(.text)
    TIM1_CC_IRQHandler                       0x080050df   Thumb Code     0  startup_stm32f40_41xxx.o(.text)
    TIM1_TRG_COM_TIM11_IRQHandler            0x080050df   Thumb Code     0  startup_stm32f40_41xxx.o(.text)
    TIM1_UP_TIM10_IRQHandler                 0x080050df   Thumb Code     0  startup_stm32f40_41xxx.o(.text)
    TIM2_IRQHandler                          0x080050df   Thumb Code     0  startup_stm32f40_41xxx.o(.text)
    TIM4_IRQHandler                          0x080050df   Thumb Code     0  startup_stm32f40_41xxx.o(.text)
    TIM5_IRQHandler                          0x080050df   Thumb Code     0  startup_stm32f40_41xxx.o(.text)
    TIM6_DAC_IRQHandler                      0x080050df   Thumb Code     0  startup_stm32f40_41xxx.o(.text)
    TIM7_IRQHandler                          0x080050df   Thumb Code     0  startup_stm32f40_41xxx.o(.text)
    TIM8_BRK_TIM12_IRQHandler                0x080050df   Thumb Code     0  startup_stm32f40_41xxx.o(.text)
    TIM8_CC_IRQHandler                       0x080050df   Thumb Code     0  startup_stm32f40_41xxx.o(.text)
    TIM8_TRG_COM_TIM14_IRQHandler            0x080050df   Thumb Code     0  startup_stm32f40_41xxx.o(.text)
    TIM8_UP_TIM13_IRQHandler                 0x080050df   Thumb Code     0  startup_stm32f40_41xxx.o(.text)
    UART4_IRQHandler                         0x080050df   Thumb Code     0  startup_stm32f40_41xxx.o(.text)
    UART5_IRQHandler                         0x080050df   Thumb Code     0  startup_stm32f40_41xxx.o(.text)
    USART6_IRQHandler                        0x080050df   Thumb Code     0  startup_stm32f40_41xxx.o(.text)
    WWDG_IRQHandler                          0x080050df   Thumb Code     0  startup_stm32f40_41xxx.o(.text)
    __user_initial_stackheap                 0x080050e1   Thumb Code     0  startup_stm32f40_41xxx.o(.text)
    NVIC_PriorityGroupConfig                 0x08005105   Thumb Code    10  misc.o(.text)
    NVIC_Init                                0x0800510f   Thumb Code   106  misc.o(.text)
    NVIC_SetVectorTable                      0x08005179   Thumb Code    14  misc.o(.text)
    NVIC_SystemLPConfig                      0x08005187   Thumb Code    34  misc.o(.text)
    SysTick_CLKSourceConfig                  0x080051a9   Thumb Code    40  misc.o(.text)
    GPIO_DeInit                              0x080051e5   Thumb Code   268  stm32f4xx_gpio.o(.text)
    GPIO_Init                                0x080052f1   Thumb Code   144  stm32f4xx_gpio.o(.text)
    GPIO_StructInit                          0x08005381   Thumb Code    18  stm32f4xx_gpio.o(.text)
    GPIO_PinLockConfig                       0x08005393   Thumb Code    34  stm32f4xx_gpio.o(.text)
    GPIO_ReadInputDataBit                    0x080053b5   Thumb Code    18  stm32f4xx_gpio.o(.text)
    GPIO_ReadInputData                       0x080053c7   Thumb Code     8  stm32f4xx_gpio.o(.text)
    GPIO_ReadOutputDataBit                   0x080053cf   Thumb Code    18  stm32f4xx_gpio.o(.text)
    GPIO_ReadOutputData                      0x080053e1   Thumb Code     8  stm32f4xx_gpio.o(.text)
    GPIO_SetBits                             0x080053e9   Thumb Code     4  stm32f4xx_gpio.o(.text)
    GPIO_ResetBits                           0x080053ed   Thumb Code     4  stm32f4xx_gpio.o(.text)
    GPIO_WriteBit                            0x080053f1   Thumb Code    10  stm32f4xx_gpio.o(.text)
    GPIO_Write                               0x080053fb   Thumb Code     4  stm32f4xx_gpio.o(.text)
    GPIO_ToggleBits                          0x080053ff   Thumb Code     8  stm32f4xx_gpio.o(.text)
    GPIO_PinAFConfig                         0x08005407   Thumb Code    70  stm32f4xx_gpio.o(.text)
    RCC_DeInit                               0x08005479   Thumb Code    82  stm32f4xx_rcc.o(.text)
    RCC_HSEConfig                            0x080054cb   Thumb Code    14  stm32f4xx_rcc.o(.text)
    RCC_GetFlagStatus                        0x080054d9   Thumb Code    60  stm32f4xx_rcc.o(.text)
    RCC_WaitForHSEStartUp                    0x08005515   Thumb Code    56  stm32f4xx_rcc.o(.text)
    RCC_AdjustHSICalibrationValue            0x0800554d   Thumb Code    20  stm32f4xx_rcc.o(.text)
    RCC_HSICmd                               0x08005561   Thumb Code     6  stm32f4xx_rcc.o(.text)
    RCC_LSEConfig                            0x08005567   Thumb Code    46  stm32f4xx_rcc.o(.text)
    RCC_LSICmd                               0x08005595   Thumb Code     6  stm32f4xx_rcc.o(.text)
    RCC_PLLConfig                            0x0800559b   Thumb Code    32  stm32f4xx_rcc.o(.text)
    RCC_PLLCmd                               0x080055bb   Thumb Code     6  stm32f4xx_rcc.o(.text)
    RCC_PLLI2SConfig                         0x080055c1   Thumb Code    14  stm32f4xx_rcc.o(.text)
    RCC_PLLI2SCmd                            0x080055cf   Thumb Code     6  stm32f4xx_rcc.o(.text)
    RCC_PLLSAIConfig                         0x080055d5   Thumb Code    20  stm32f4xx_rcc.o(.text)
    RCC_PLLSAICmd                            0x080055e9   Thumb Code     6  stm32f4xx_rcc.o(.text)
    RCC_ClockSecuritySystemCmd               0x080055ef   Thumb Code     6  stm32f4xx_rcc.o(.text)
    RCC_MCO1Config                           0x080055f5   Thumb Code    28  stm32f4xx_rcc.o(.text)
    RCC_MCO2Config                           0x08005611   Thumb Code    28  stm32f4xx_rcc.o(.text)
    RCC_SYSCLKConfig                         0x0800562d   Thumb Code    20  stm32f4xx_rcc.o(.text)
    RCC_GetSYSCLKSource                      0x08005641   Thumb Code    12  stm32f4xx_rcc.o(.text)
    RCC_HCLKConfig                           0x0800564d   Thumb Code    20  stm32f4xx_rcc.o(.text)
    RCC_PCLK1Config                          0x08005661   Thumb Code    20  stm32f4xx_rcc.o(.text)
    RCC_PCLK2Config                          0x08005675   Thumb Code    22  stm32f4xx_rcc.o(.text)
    RCC_GetClocksFreq                        0x0800568b   Thumb Code   222  stm32f4xx_rcc.o(.text)
    RCC_RTCCLKConfig                         0x08005769   Thumb Code    54  stm32f4xx_rcc.o(.text)
    RCC_RTCCLKCmd                            0x0800579f   Thumb Code     8  stm32f4xx_rcc.o(.text)
    RCC_BackupResetCmd                       0x080057a7   Thumb Code     8  stm32f4xx_rcc.o(.text)
    RCC_I2SCLKConfig                         0x080057af   Thumb Code     6  stm32f4xx_rcc.o(.text)
    RCC_SAIPLLI2SClkDivConfig                0x080057b5   Thumb Code    26  stm32f4xx_rcc.o(.text)
    RCC_SAIPLLSAIClkDivConfig                0x080057cf   Thumb Code    28  stm32f4xx_rcc.o(.text)
    RCC_SAIBlockACLKConfig                   0x080057eb   Thumb Code    20  stm32f4xx_rcc.o(.text)
    RCC_SAIBlockBCLKConfig                   0x080057ff   Thumb Code    20  stm32f4xx_rcc.o(.text)
    RCC_LTDCCLKDivConfig                     0x08005813   Thumb Code    20  stm32f4xx_rcc.o(.text)
    RCC_TIMCLKPresConfig                     0x08005827   Thumb Code     6  stm32f4xx_rcc.o(.text)
    RCC_AHB1PeriphClockCmd                   0x0800582d   Thumb Code    34  stm32f4xx_rcc.o(.text)
    RCC_AHB2PeriphClockCmd                   0x0800584f   Thumb Code    78  stm32f4xx_rcc.o(.text)
    RCC_AHB3PeriphClockCmd                   0x0800589d   Thumb Code    34  stm32f4xx_rcc.o(.text)
    RCC_APB1PeriphClockCmd                   0x080058bf   Thumb Code    34  stm32f4xx_rcc.o(.text)
    RCC_APB2PeriphClockCmd                   0x080058e1   Thumb Code    34  stm32f4xx_rcc.o(.text)
    RCC_AHB1PeriphResetCmd                   0x08005903   Thumb Code    34  stm32f4xx_rcc.o(.text)
    RCC_AHB2PeriphResetCmd                   0x08005925   Thumb Code    34  stm32f4xx_rcc.o(.text)
    RCC_AHB3PeriphResetCmd                   0x08005947   Thumb Code    34  stm32f4xx_rcc.o(.text)
    RCC_APB1PeriphResetCmd                   0x08005969   Thumb Code    34  stm32f4xx_rcc.o(.text)
    RCC_APB2PeriphResetCmd                   0x0800598b   Thumb Code    34  stm32f4xx_rcc.o(.text)
    RCC_AHB1PeriphClockLPModeCmd             0x080059ad   Thumb Code    34  stm32f4xx_rcc.o(.text)
    RCC_AHB2PeriphClockLPModeCmd             0x080059cf   Thumb Code    34  stm32f4xx_rcc.o(.text)
    RCC_AHB3PeriphClockLPModeCmd             0x080059f1   Thumb Code    34  stm32f4xx_rcc.o(.text)
    RCC_APB1PeriphClockLPModeCmd             0x08005a13   Thumb Code    34  stm32f4xx_rcc.o(.text)
    RCC_APB2PeriphClockLPModeCmd             0x08005a35   Thumb Code    34  stm32f4xx_rcc.o(.text)
    RCC_LSEModeConfig                        0x08005a57   Thumb Code    40  stm32f4xx_rcc.o(.text)
    RCC_ITConfig                             0x08005a7f   Thumb Code    34  stm32f4xx_rcc.o(.text)
    RCC_ClearFlag                            0x08005aa1   Thumb Code    18  stm32f4xx_rcc.o(.text)
    RCC_GetITStatus                          0x08005ab3   Thumb Code    22  stm32f4xx_rcc.o(.text)
    RCC_ClearITPendingBit                    0x08005ac9   Thumb Code     8  stm32f4xx_rcc.o(.text)
    USART_DeInit                             0x08005ad5   Thumb Code   206  stm32f4xx_usart.o(.text)
    USART_Init                               0x08005ba3   Thumb Code   204  stm32f4xx_usart.o(.text)
    USART_StructInit                         0x08005c6f   Thumb Code    24  stm32f4xx_usart.o(.text)
    USART_ClockInit                          0x08005c87   Thumb Code    32  stm32f4xx_usart.o(.text)
    USART_ClockStructInit                    0x08005ca7   Thumb Code    12  stm32f4xx_usart.o(.text)
    USART_Cmd                                0x08005cb3   Thumb Code    24  stm32f4xx_usart.o(.text)
    USART_SetPrescaler                       0x08005ccb   Thumb Code    16  stm32f4xx_usart.o(.text)
    USART_OverSampling8Cmd                   0x08005cdb   Thumb Code    22  stm32f4xx_usart.o(.text)
    USART_OneBitMethodCmd                    0x08005cf1   Thumb Code    24  stm32f4xx_usart.o(.text)
    USART_SendData                           0x08005d09   Thumb Code     8  stm32f4xx_usart.o(.text)
    USART_ReceiveData                        0x08005d11   Thumb Code    10  stm32f4xx_usart.o(.text)
    USART_SetAddress                         0x08005d1b   Thumb Code    18  stm32f4xx_usart.o(.text)
    USART_ReceiverWakeUpCmd                  0x08005d2d   Thumb Code    24  stm32f4xx_usart.o(.text)
    USART_WakeUpConfig                       0x08005d45   Thumb Code    18  stm32f4xx_usart.o(.text)
    USART_LINBreakDetectLengthConfig         0x08005d57   Thumb Code    18  stm32f4xx_usart.o(.text)
    USART_LINCmd                             0x08005d69   Thumb Code    24  stm32f4xx_usart.o(.text)
    USART_SendBreak                          0x08005d81   Thumb Code    10  stm32f4xx_usart.o(.text)
    USART_HalfDuplexCmd                      0x08005d8b   Thumb Code    24  stm32f4xx_usart.o(.text)
    USART_SetGuardTime                       0x08005da3   Thumb Code    16  stm32f4xx_usart.o(.text)
    USART_SmartCardCmd                       0x08005db3   Thumb Code    24  stm32f4xx_usart.o(.text)
    USART_SmartCardNACKCmd                   0x08005dcb   Thumb Code    24  stm32f4xx_usart.o(.text)
    USART_IrDAConfig                         0x08005de3   Thumb Code    18  stm32f4xx_usart.o(.text)
    USART_IrDACmd                            0x08005df5   Thumb Code    24  stm32f4xx_usart.o(.text)
    USART_DMACmd                             0x08005e0d   Thumb Code    18  stm32f4xx_usart.o(.text)
    USART_ITConfig                           0x08005e1f   Thumb Code    74  stm32f4xx_usart.o(.text)
    USART_GetFlagStatus                      0x08005e69   Thumb Code    26  stm32f4xx_usart.o(.text)
    USART_ClearFlag                          0x08005e83   Thumb Code    18  stm32f4xx_usart.o(.text)
    USART_GetITStatus                        0x08005e95   Thumb Code   118  stm32f4xx_usart.o(.text)
    USART_ClearITPendingBit                  0x08005f0b   Thumb Code    30  stm32f4xx_usart.o(.text)
    CAN_DeInit                               0x08005f29   Thumb Code    50  stm32f4xx_can.o(.text)
    CAN_Init                                 0x08005f5b   Thumb Code   276  stm32f4xx_can.o(.text)
    CAN_FilterInit                           0x0800606f   Thumb Code   258  stm32f4xx_can.o(.text)
    CAN_StructInit                           0x08006171   Thumb Code    32  stm32f4xx_can.o(.text)
    CAN_SlaveStartBank                       0x08006191   Thumb Code    48  stm32f4xx_can.o(.text)
    CAN_DBGFreeze                            0x080061c1   Thumb Code    22  stm32f4xx_can.o(.text)
    CAN_TTComModeCmd                         0x080061d7   Thumb Code   118  stm32f4xx_can.o(.text)
    CAN_Transmit                             0x0800624d   Thumb Code   304  stm32f4xx_can.o(.text)
    CAN_TransmitStatus                       0x0800637d   Thumb Code   138  stm32f4xx_can.o(.text)
    CAN_CancelTransmit                       0x08006407   Thumb Code    48  stm32f4xx_can.o(.text)
    CAN_Receive                              0x08006437   Thumb Code   240  stm32f4xx_can.o(.text)
    CAN_FIFORelease                          0x08006527   Thumb Code    22  stm32f4xx_can.o(.text)
    CAN_MessagePending                       0x0800653d   Thumb Code    30  stm32f4xx_can.o(.text)
    CAN_OperatingModeRequest                 0x0800655b   Thumb Code   162  stm32f4xx_can.o(.text)
    CAN_Sleep                                0x080065fd   Thumb Code    30  stm32f4xx_can.o(.text)
    CAN_WakeUp                               0x0800661b   Thumb Code    48  stm32f4xx_can.o(.text)
    CAN_GetLastErrorCode                     0x0800664b   Thumb Code    12  stm32f4xx_can.o(.text)
    CAN_GetReceiveErrorCounter               0x08006657   Thumb Code    10  stm32f4xx_can.o(.text)
    CAN_GetLSBTransmitErrorCounter           0x08006661   Thumb Code    12  stm32f4xx_can.o(.text)
    CAN_ITConfig                             0x0800666d   Thumb Code    18  stm32f4xx_can.o(.text)
    CAN_GetFlagStatus                        0x0800667f   Thumb Code   120  stm32f4xx_can.o(.text)
    CAN_ClearFlag                            0x080066f7   Thumb Code    52  stm32f4xx_can.o(.text)
    CAN_GetITStatus                          0x0800673d   Thumb Code   310  stm32f4xx_can.o(.text)
    CAN_ClearITPendingBit                    0x08006873   Thumb Code   162  stm32f4xx_can.o(.text)
    TIM_DeInit                               0x08006919   Thumb Code   346  stm32f4xx_tim.o(.text)
    TIM_TimeBaseInit                         0x08006a73   Thumb Code   104  stm32f4xx_tim.o(.text)
    TIM_TimeBaseStructInit                   0x08006adb   Thumb Code    18  stm32f4xx_tim.o(.text)
    TIM_PrescalerConfig                      0x08006aed   Thumb Code     6  stm32f4xx_tim.o(.text)
    TIM_CounterModeConfig                    0x08006af3   Thumb Code    18  stm32f4xx_tim.o(.text)
    TIM_SetCounter                           0x08006b05   Thumb Code     4  stm32f4xx_tim.o(.text)
    TIM_SetAutoreload                        0x08006b09   Thumb Code     4  stm32f4xx_tim.o(.text)
    TIM_GetCounter                           0x08006b0d   Thumb Code     6  stm32f4xx_tim.o(.text)
    TIM_GetPrescaler                         0x08006b13   Thumb Code     6  stm32f4xx_tim.o(.text)
    TIM_UpdateDisableConfig                  0x08006b19   Thumb Code    24  stm32f4xx_tim.o(.text)
    TIM_UpdateRequestConfig                  0x08006b31   Thumb Code    24  stm32f4xx_tim.o(.text)
    TIM_ARRPreloadConfig                     0x08006b49   Thumb Code    24  stm32f4xx_tim.o(.text)
    TIM_SelectOnePulseMode                   0x08006b61   Thumb Code    18  stm32f4xx_tim.o(.text)
    TIM_SetClockDivision                     0x08006b73   Thumb Code    18  stm32f4xx_tim.o(.text)
    TIM_Cmd                                  0x08006b85   Thumb Code    24  stm32f4xx_tim.o(.text)
    TIM_OC1Init                              0x08006b9d   Thumb Code   114  stm32f4xx_tim.o(.text)
    TIM_OC2Init                              0x08006c0f   Thumb Code   154  stm32f4xx_tim.o(.text)
    TIM_OC3Init                              0x08006ca9   Thumb Code   204  stm32f4xx_tim.o(.text)
    TIM_OC4Init                              0x08006d75   Thumb Code   112  stm32f4xx_tim.o(.text)
    TIM_OCStructInit                         0x08006de5   Thumb Code    20  stm32f4xx_tim.o(.text)
    TIM_SelectOCxM                           0x08006df9   Thumb Code    86  stm32f4xx_tim.o(.text)
    TIM_SetCompare1                          0x08006e4f   Thumb Code     4  stm32f4xx_tim.o(.text)
    TIM_SetCompare2                          0x08006e53   Thumb Code     4  stm32f4xx_tim.o(.text)
    TIM_SetCompare3                          0x08006e57   Thumb Code     4  stm32f4xx_tim.o(.text)
    TIM_SetCompare4                          0x08006e5b   Thumb Code     4  stm32f4xx_tim.o(.text)
    TIM_ForcedOC1Config                      0x08006e5f   Thumb Code    18  stm32f4xx_tim.o(.text)
    TIM_ForcedOC2Config                      0x08006e71   Thumb Code    26  stm32f4xx_tim.o(.text)
    TIM_ForcedOC3Config                      0x08006e8b   Thumb Code    18  stm32f4xx_tim.o(.text)
    TIM_ForcedOC4Config                      0x08006e9d   Thumb Code    26  stm32f4xx_tim.o(.text)
    TIM_OC1PreloadConfig                     0x08006eb7   Thumb Code    18  stm32f4xx_tim.o(.text)
    TIM_OC2PreloadConfig                     0x08006ec9   Thumb Code    26  stm32f4xx_tim.o(.text)
    TIM_OC3PreloadConfig                     0x08006ee3   Thumb Code    18  stm32f4xx_tim.o(.text)
    TIM_OC4PreloadConfig                     0x08006ef5   Thumb Code    26  stm32f4xx_tim.o(.text)
    TIM_OC1FastConfig                        0x08006f0f   Thumb Code    18  stm32f4xx_tim.o(.text)
    TIM_OC2FastConfig                        0x08006f21   Thumb Code    26  stm32f4xx_tim.o(.text)
    TIM_OC3FastConfig                        0x08006f3b   Thumb Code    18  stm32f4xx_tim.o(.text)
    TIM_OC4FastConfig                        0x08006f4d   Thumb Code    26  stm32f4xx_tim.o(.text)
    TIM_ClearOC1Ref                          0x08006f67   Thumb Code    18  stm32f4xx_tim.o(.text)
    TIM_ClearOC2Ref                          0x08006f79   Thumb Code    24  stm32f4xx_tim.o(.text)
    TIM_ClearOC3Ref                          0x08006f91   Thumb Code    18  stm32f4xx_tim.o(.text)
    TIM_ClearOC4Ref                          0x08006fa3   Thumb Code    24  stm32f4xx_tim.o(.text)
    TIM_OC1PolarityConfig                    0x08006fbb   Thumb Code    18  stm32f4xx_tim.o(.text)
    TIM_OC1NPolarityConfig                   0x08006fcd   Thumb Code    18  stm32f4xx_tim.o(.text)
    TIM_OC2PolarityConfig                    0x08006fdf   Thumb Code    26  stm32f4xx_tim.o(.text)
    TIM_OC2NPolarityConfig                   0x08006ff9   Thumb Code    26  stm32f4xx_tim.o(.text)
    TIM_OC3PolarityConfig                    0x08007013   Thumb Code    26  stm32f4xx_tim.o(.text)
    TIM_OC3NPolarityConfig                   0x0800702d   Thumb Code    26  stm32f4xx_tim.o(.text)
    TIM_OC4PolarityConfig                    0x08007047   Thumb Code    26  stm32f4xx_tim.o(.text)
    TIM_CCxCmd                               0x08007061   Thumb Code    30  stm32f4xx_tim.o(.text)
    TIM_CCxNCmd                              0x0800707f   Thumb Code    30  stm32f4xx_tim.o(.text)
    TIM_SetIC4Prescaler                      0x0800709d   Thumb Code    26  stm32f4xx_tim.o(.text)
    TIM_SetIC3Prescaler                      0x08007107   Thumb Code    18  stm32f4xx_tim.o(.text)
    TIM_SetIC2Prescaler                      0x08007161   Thumb Code    26  stm32f4xx_tim.o(.text)
    TIM_SetIC1Prescaler                      0x080071d5   Thumb Code    18  stm32f4xx_tim.o(.text)
    TIM_ICInit                               0x08007221   Thumb Code   110  stm32f4xx_tim.o(.text)
    TIM_ICStructInit                         0x0800728f   Thumb Code    18  stm32f4xx_tim.o(.text)
    TIM_PWMIConfig                           0x080072a1   Thumb Code   124  stm32f4xx_tim.o(.text)
    TIM_GetCapture1                          0x0800731d   Thumb Code     6  stm32f4xx_tim.o(.text)
    TIM_GetCapture2                          0x08007323   Thumb Code     6  stm32f4xx_tim.o(.text)
    TIM_GetCapture3                          0x08007329   Thumb Code     6  stm32f4xx_tim.o(.text)
    TIM_GetCapture4                          0x0800732f   Thumb Code     6  stm32f4xx_tim.o(.text)
    TIM_BDTRConfig                           0x08007335   Thumb Code    32  stm32f4xx_tim.o(.text)
    TIM_BDTRStructInit                       0x08007355   Thumb Code    18  stm32f4xx_tim.o(.text)
    TIM_CtrlPWMOutputs                       0x08007367   Thumb Code    30  stm32f4xx_tim.o(.text)
    TIM_SelectCOM                            0x08007385   Thumb Code    24  stm32f4xx_tim.o(.text)
    TIM_CCPreloadControl                     0x0800739d   Thumb Code    24  stm32f4xx_tim.o(.text)
    TIM_ITConfig                             0x080073b5   Thumb Code    18  stm32f4xx_tim.o(.text)
    TIM_GenerateEvent                        0x080073c7   Thumb Code     4  stm32f4xx_tim.o(.text)
    TIM_GetFlagStatus                        0x080073cb   Thumb Code    18  stm32f4xx_tim.o(.text)
    TIM_ClearFlag                            0x080073dd   Thumb Code     6  stm32f4xx_tim.o(.text)
    TIM_GetITStatus                          0x080073e3   Thumb Code    34  stm32f4xx_tim.o(.text)
    TIM_ClearITPendingBit                    0x08007405   Thumb Code     6  stm32f4xx_tim.o(.text)
    TIM_DMAConfig                            0x0800740b   Thumb Code    10  stm32f4xx_tim.o(.text)
    TIM_DMACmd                               0x08007415   Thumb Code    18  stm32f4xx_tim.o(.text)
    TIM_SelectCCDMA                          0x08007427   Thumb Code    24  stm32f4xx_tim.o(.text)
    TIM_InternalClockConfig                  0x0800743f   Thumb Code    12  stm32f4xx_tim.o(.text)
    TIM_SelectInputTrigger                   0x0800744b   Thumb Code    18  stm32f4xx_tim.o(.text)
    TIM_ITRxExternalClockConfig              0x0800745d   Thumb Code    24  stm32f4xx_tim.o(.text)
    TIM_TIxExternalClockConfig               0x08007475   Thumb Code    62  stm32f4xx_tim.o(.text)
    TIM_ETRConfig                            0x080074b3   Thumb Code    28  stm32f4xx_tim.o(.text)
    TIM_ETRClockMode1Config                  0x080074cf   Thumb Code    54  stm32f4xx_tim.o(.text)
    TIM_ETRClockMode2Config                  0x08007505   Thumb Code    32  stm32f4xx_tim.o(.text)
    TIM_SelectOutputTrigger                  0x08007525   Thumb Code    18  stm32f4xx_tim.o(.text)
    TIM_SelectSlaveMode                      0x08007537   Thumb Code    18  stm32f4xx_tim.o(.text)
    TIM_SelectMasterSlaveMode                0x08007549   Thumb Code    18  stm32f4xx_tim.o(.text)
    TIM_EncoderInterfaceConfig               0x0800755b   Thumb Code    66  stm32f4xx_tim.o(.text)
    TIM_SelectHallSensor                     0x0800759d   Thumb Code    24  stm32f4xx_tim.o(.text)
    TIM_RemapConfig                          0x080075b5   Thumb Code     6  stm32f4xx_tim.o(.text)
    ADC_DeInit                               0x080075bd   Thumb Code    22  stm32f4xx_adc.o(.text)
    ADC_Init                                 0x080075d3   Thumb Code    74  stm32f4xx_adc.o(.text)
    ADC_StructInit                           0x0800761d   Thumb Code    20  stm32f4xx_adc.o(.text)
    ADC_CommonInit                           0x08007631   Thumb Code    34  stm32f4xx_adc.o(.text)
    ADC_CommonStructInit                     0x08007653   Thumb Code    12  stm32f4xx_adc.o(.text)
    ADC_Cmd                                  0x0800765f   Thumb Code    22  stm32f4xx_adc.o(.text)
    ADC_AnalogWatchdogCmd                    0x08007675   Thumb Code    16  stm32f4xx_adc.o(.text)
    ADC_AnalogWatchdogThresholdsConfig       0x08007685   Thumb Code     6  stm32f4xx_adc.o(.text)
    ADC_AnalogWatchdogSingleChannelConfig    0x0800768b   Thumb Code    16  stm32f4xx_adc.o(.text)
    ADC_TempSensorVrefintCmd                 0x0800769b   Thumb Code    34  stm32f4xx_adc.o(.text)
    ADC_VBATCmd                              0x080076bd   Thumb Code    34  stm32f4xx_adc.o(.text)
    ADC_RegularChannelConfig                 0x080076df   Thumb Code   184  stm32f4xx_adc.o(.text)
    ADC_SoftwareStartConv                    0x08007797   Thumb Code    10  stm32f4xx_adc.o(.text)
    ADC_GetSoftwareStartConvStatus           0x080077a1   Thumb Code    20  stm32f4xx_adc.o(.text)
    ADC_EOCOnEachRegularChannelCmd           0x080077b5   Thumb Code    22  stm32f4xx_adc.o(.text)
    ADC_ContinuousModeCmd                    0x080077cb   Thumb Code    22  stm32f4xx_adc.o(.text)
    ADC_DiscModeChannelCountConfig           0x080077e1   Thumb Code    24  stm32f4xx_adc.o(.text)
    ADC_DiscModeCmd                          0x080077f9   Thumb Code    22  stm32f4xx_adc.o(.text)
    ADC_GetConversionValue                   0x0800780f   Thumb Code     8  stm32f4xx_adc.o(.text)
    ADC_GetMultiModeConversionValue          0x08007817   Thumb Code     8  stm32f4xx_adc.o(.text)
    ADC_DMACmd                               0x0800781f   Thumb Code    22  stm32f4xx_adc.o(.text)
    ADC_DMARequestAfterLastTransferCmd       0x08007835   Thumb Code    22  stm32f4xx_adc.o(.text)
    ADC_MultiModeDMARequestAfterLastTransferCmd 0x0800784b   Thumb Code    34  stm32f4xx_adc.o(.text)
    ADC_InjectedChannelConfig                0x0800786d   Thumb Code   130  stm32f4xx_adc.o(.text)
    ADC_InjectedSequencerLengthConfig        0x080078ef   Thumb Code    24  stm32f4xx_adc.o(.text)
    ADC_SetInjectedOffset                    0x08007907   Thumb Code    20  stm32f4xx_adc.o(.text)
    ADC_ExternalTrigInjectedConvConfig       0x0800791b   Thumb Code    16  stm32f4xx_adc.o(.text)
    ADC_ExternalTrigInjectedConvEdgeConfig   0x0800792b   Thumb Code    16  stm32f4xx_adc.o(.text)
    ADC_SoftwareStartInjectedConv            0x0800793b   Thumb Code    10  stm32f4xx_adc.o(.text)
    ADC_GetSoftwareStartInjectedConvCmdStatus 0x08007945   Thumb Code    20  stm32f4xx_adc.o(.text)
    ADC_AutoInjectedConvCmd                  0x08007959   Thumb Code    22  stm32f4xx_adc.o(.text)
    ADC_InjectedDiscModeCmd                  0x0800796f   Thumb Code    22  stm32f4xx_adc.o(.text)
    ADC_GetInjectedConversionValue           0x08007985   Thumb Code    28  stm32f4xx_adc.o(.text)
    ADC_ITConfig                             0x080079a1   Thumb Code    56  stm32f4xx_adc.o(.text)
    ADC_GetFlagStatus                        0x080079d9   Thumb Code    18  stm32f4xx_adc.o(.text)
    ADC_ClearFlag                            0x080079eb   Thumb Code     6  stm32f4xx_adc.o(.text)
    ADC_GetITStatus                          0x080079f1   Thumb Code    38  stm32f4xx_adc.o(.text)
    ADC_ClearITPendingBit                    0x08007a17   Thumb Code    10  stm32f4xx_adc.o(.text)
    __use_no_semihosting                     0x08007a21   Thumb Code     2  use_no_semi_2.o(.text)
    __c89vsprintf                            0x08007a25   Thumb Code    32  c89vsprintf.o(.text)
    __2printf                                0x08007a49   Thumb Code    20  __2printf.o(.text)
    __printf                                 0x08007a61   Thumb Code   388  __printf_flags_ss_wp.o(.text)
    strlen                                   0x08007be9   Thumb Code    62  strlen.o(.text)
    __aeabi_memcpy4                          0x08007c27   Thumb Code     0  rt_memcpy_w.o(.text)
    __aeabi_memcpy8                          0x08007c27   Thumb Code     0  rt_memcpy_w.o(.text)
    __rt_memcpy_w                            0x08007c27   Thumb Code   100  rt_memcpy_w.o(.text)
    _memcpy_lastbytes_aligned                0x08007c6f   Thumb Code     0  rt_memcpy_w.o(.text)
    __use_two_region_memory                  0x08007c8b   Thumb Code     2  heapauxi.o(.text)
    __rt_heap_escrow$2region                 0x08007c8d   Thumb Code     2  heapauxi.o(.text)
    __rt_heap_expand$2region                 0x08007c8f   Thumb Code     2  heapauxi.o(.text)
    __I$use$semihosting                      0x08007c91   Thumb Code     0  use_no_semi.o(.text)
    __use_no_semihosting_swi                 0x08007c91   Thumb Code     2  use_no_semi.o(.text)
    __read_errno                             0x08007c93   Thumb Code    10  _rserrno.o(.text)
    __set_errno                              0x08007c9d   Thumb Code    12  _rserrno.o(.text)
    _printf_pre_padding                      0x08007ca9   Thumb Code    44  _printf_pad.o(.text)
    _printf_post_padding                     0x08007cd5   Thumb Code    34  _printf_pad.o(.text)
    _printf_truncate_signed                  0x08007cf7   Thumb Code    18  _printf_truncate.o(.text)
    _printf_truncate_unsigned                0x08007d09   Thumb Code    18  _printf_truncate.o(.text)
    _printf_str                              0x08007d1b   Thumb Code    82  _printf_str.o(.text)
    _printf_int_dec                          0x08007d6d   Thumb Code   104  _printf_dec.o(.text)
    _printf_charcount                        0x08007de5   Thumb Code    40  _printf_charcount.o(.text)
    __lib_sel_fp_printf                      0x08007e0d   Thumb Code     2  _printf_fp_dec.o(.text)
    _printf_fp_dec_real                      0x08007fbb   Thumb Code   620  _printf_fp_dec.o(.text)
    _printf_char_common                      0x08008233   Thumb Code    32  _printf_char_common.o(.text)
    _sputc                                   0x08008259   Thumb Code    10  _sputc.o(.text)
    _printf_char_file                        0x08008265   Thumb Code    32  _printf_char_file.o(.text)
    _printf_wctomb                           0x08008289   Thumb Code   182  _printf_wctomb.o(.text)
    _printf_longlong_dec                     0x08008345   Thumb Code   108  _printf_longlong_dec.o(.text)
    _printf_longlong_oct                     0x080083c1   Thumb Code    68  _printf_oct_int_ll.o(.text)
    _printf_int_oct                          0x08008405   Thumb Code    24  _printf_oct_int_ll.o(.text)
    _printf_ll_oct                           0x0800841d   Thumb Code    12  _printf_oct_int_ll.o(.text)
    _printf_longlong_hex                     0x08008431   Thumb Code    86  _printf_hex_int_ll_ptr.o(.text)
    _printf_int_hex                          0x08008487   Thumb Code    28  _printf_hex_int_ll_ptr.o(.text)
    _printf_ll_hex                           0x080084a3   Thumb Code    12  _printf_hex_int_ll_ptr.o(.text)
    _printf_hex_ptr                          0x080084af   Thumb Code    18  _printf_hex_int_ll_ptr.o(.text)
    __rt_locale                              0x080084c5   Thumb Code     8  rt_locale_intlibspace.o(.text)
    __aeabi_errno_addr                       0x080084cd   Thumb Code     8  rt_errno_addr_intlibspace.o(.text)
    __errno$intlibspace                      0x080084cd   Thumb Code     0  rt_errno_addr_intlibspace.o(.text)
    __rt_errno_addr$intlibspace              0x080084cd   Thumb Code     0  rt_errno_addr_intlibspace.o(.text)
    _ll_udiv10                               0x080084d5   Thumb Code   138  lludiv10.o(.text)
    _printf_int_common                       0x0800855f   Thumb Code   178  _printf_intcommon.o(.text)
    _printf_fp_infnan                        0x08008611   Thumb Code   112  _printf_fp_infnan.o(.text)
    _printf_cs_common                        0x08008691   Thumb Code    20  _printf_char.o(.text)
    _printf_char                             0x080086a5   Thumb Code    16  _printf_char.o(.text)
    _printf_string                           0x080086b5   Thumb Code     8  _printf_char.o(.text)
    _printf_lcs_common                       0x080086bd   Thumb Code    20  _printf_wchar.o(.text)
    _printf_wchar                            0x080086d1   Thumb Code    16  _printf_wchar.o(.text)
    _printf_wstring                          0x080086e1   Thumb Code     8  _printf_wchar.o(.text)
    _btod_etento                             0x080086e9   Thumb Code   216  bigflt0.o(.text)
    ferror                                   0x080087c5   Thumb Code     8  ferror.o(.text)
    _wcrtomb                                 0x080087cd   Thumb Code    64  _wcrtomb.o(.text)
    __user_libspace                          0x0800880d   Thumb Code     8  libspace.o(.text)
    __user_perproc_libspace                  0x0800880d   Thumb Code     0  libspace.o(.text)
    __user_perthread_libspace                0x0800880d   Thumb Code     0  libspace.o(.text)
    __user_setup_stackheap                   0x08008815   Thumb Code    74  sys_stackheap_outer.o(.text)
    __rt_ctype_table                         0x08008861   Thumb Code    16  rt_ctype_table.o(.text)
    exit                                     0x08008871   Thumb Code    12  exit.o(.text)
    strcmp                                   0x0800887d   Thumb Code   128  strcmpv7m.o(.text)
    _btod_d2e                                0x080088fd   Thumb Code    62  btod.o(CL$$btod_d2e)
    _d2e_denorm_low                          0x0800893b   Thumb Code    70  btod.o(CL$$btod_d2e_denorm_low)
    _d2e_norm_op1                            0x08008981   Thumb Code    96  btod.o(CL$$btod_d2e_norm_op1)
    __btod_div_common                        0x080089e1   Thumb Code   696  btod.o(CL$$btod_div_common)
    _e2e                                     0x08008d19   Thumb Code   198  btod.o(CL$$btod_e2e)
    _btod_ediv                               0x08008ddf   Thumb Code    40  btod.o(CL$$btod_ediv)
    _btod_emul                               0x08008e07   Thumb Code    40  btod.o(CL$$btod_emul)
    __btod_mult_common                       0x08008e2f   Thumb Code   580  btod.o(CL$$btod_mult_common)
    __ARM_fpclassify                         0x08009073   Thumb Code    48  fpclassify.o(i.__ARM_fpclassify)
    __hardfp_cos                             0x080090a9   Thumb Code   180  cos.o(i.__hardfp_cos)
    __hardfp_sin                             0x08009171   Thumb Code   180  sin.o(i.__hardfp_sin)
    __ieee754_rem_pio2                       0x08009239   Thumb Code   938  rred.o(i.__ieee754_rem_pio2)
    __kernel_cos                             0x08009671   Thumb Code   322  cos_i.o(i.__kernel_cos)
    __kernel_poly                            0x080097e1   Thumb Code   248  poly.o(i.__kernel_poly)
    __kernel_sin                             0x080098d9   Thumb Code   280  sin_i.o(i.__kernel_sin)
    __mathlib_dbl_infnan                     0x08009a09   Thumb Code    20  dunder.o(i.__mathlib_dbl_infnan)
    __mathlib_dbl_invalid                    0x08009a21   Thumb Code    24  dunder.o(i.__mathlib_dbl_invalid)
    __mathlib_dbl_underflow                  0x08009a41   Thumb Code    24  dunder.o(i.__mathlib_dbl_underflow)
    _is_digit                                0x08009a61   Thumb Code    14  __printf_wp.o(i._is_digit)
    fabs                                     0x08009a6f   Thumb Code    24  fabs.o(i.fabs)
    _get_lc_numeric                          0x08009a89   Thumb Code    44  lc_numeric_c.o(locale$$code)
    _get_lc_ctype                            0x08009ab5   Thumb Code    44  lc_ctype_c.o(locale$$code)
    __aeabi_dneg                             0x08009ae1   Thumb Code     0  basic.o(x$fpl$basic)
    _dneg                                    0x08009ae1   Thumb Code     6  basic.o(x$fpl$basic)
    __aeabi_fneg                             0x08009ae7   Thumb Code     0  basic.o(x$fpl$basic)
    _fneg                                    0x08009ae7   Thumb Code     6  basic.o(x$fpl$basic)
    _dabs                                    0x08009aed   Thumb Code     6  basic.o(x$fpl$basic)
    _fabs                                    0x08009af3   Thumb Code     6  basic.o(x$fpl$basic)
    __aeabi_d2f                              0x08009af9   Thumb Code     0  d2f.o(x$fpl$d2f)
    _d2f                                     0x08009af9   Thumb Code    98  d2f.o(x$fpl$d2f)
    __aeabi_dadd                             0x08009b5d   Thumb Code     0  daddsub_clz.o(x$fpl$dadd)
    _dadd                                    0x08009b5d   Thumb Code   332  daddsub_clz.o(x$fpl$dadd)
    __fpl_dcmp_Inf                           0x08009cad   Thumb Code    24  dcmpi.o(x$fpl$dcmpinf)
    __aeabi_ddiv                             0x08009cc5   Thumb Code     0  ddiv.o(x$fpl$ddiv)
    _ddiv                                    0x08009cc5   Thumb Code   552  ddiv.o(x$fpl$ddiv)
    __aeabi_d2iz                             0x08009f75   Thumb Code     0  dfix.o(x$fpl$dfix)
    _dfix                                    0x08009f75   Thumb Code    94  dfix.o(x$fpl$dfix)
    __aeabi_i2d                              0x08009fd3   Thumb Code     0  dflt_clz.o(x$fpl$dflt)
    _dflt                                    0x08009fd3   Thumb Code    46  dflt_clz.o(x$fpl$dflt)
    __aeabi_ui2d                             0x0800a001   Thumb Code     0  dflt_clz.o(x$fpl$dfltu)
    _dfltu                                   0x0800a001   Thumb Code    38  dflt_clz.o(x$fpl$dfltu)
    __aeabi_cdcmple                          0x0800a029   Thumb Code     0  dleqf.o(x$fpl$dleqf)
    _dcmple                                  0x0800a029   Thumb Code   120  dleqf.o(x$fpl$dleqf)
    __fpl_dcmple_InfNaN                      0x0800a08b   Thumb Code     0  dleqf.o(x$fpl$dleqf)
    __aeabi_dmul                             0x0800a0a1   Thumb Code     0  dmul.o(x$fpl$dmul)
    _dmul                                    0x0800a0a1   Thumb Code   332  dmul.o(x$fpl$dmul)
    __fpl_dnaninf                            0x0800a1f5   Thumb Code   156  dnaninf.o(x$fpl$dnaninf)
    __fpl_dretinf                            0x0800a291   Thumb Code    12  dretinf.o(x$fpl$dretinf)
    __aeabi_cdrcmple                         0x0800a29d   Thumb Code     0  drleqf.o(x$fpl$drleqf)
    _drcmple                                 0x0800a29d   Thumb Code   108  drleqf.o(x$fpl$drleqf)
    __aeabi_drsub                            0x0800a309   Thumb Code     0  daddsub_clz.o(x$fpl$drsb)
    _drsb                                    0x0800a309   Thumb Code    22  daddsub_clz.o(x$fpl$drsb)
    __aeabi_dsub                             0x0800a321   Thumb Code     0  daddsub_clz.o(x$fpl$dsub)
    _dsub                                    0x0800a321   Thumb Code   464  daddsub_clz.o(x$fpl$dsub)
    __aeabi_f2d                              0x0800a4f5   Thumb Code     0  f2d.o(x$fpl$f2d)
    _f2d                                     0x0800a4f5   Thumb Code    86  f2d.o(x$fpl$f2d)
    __fpl_fnaninf                            0x0800a54b   Thumb Code   140  fnaninf.o(x$fpl$fnaninf)
    _fp_init                                 0x0800a5d7   Thumb Code    10  fpinit.o(x$fpl$fpinit)
    __fplib_config_fpu_vfp                   0x0800a5df   Thumb Code     0  fpinit.o(x$fpl$fpinit)
    __fplib_config_pureend_doubles           0x0800a5df   Thumb Code     0  fpinit.o(x$fpl$fpinit)
    __fpl_fretinf                            0x0800a5e1   Thumb Code    10  fretinf.o(x$fpl$fretinf)
    _printf_fp_dec                           0x0800a5eb   Thumb Code     4  printf1.o(x$fpl$printf1)
    __I$use$fp                               0x0800a5ee   Number         0  usenofp.o(x$fpl$usenofp)
    Region$$Table$$Base                      0x0800a7e4   Number         0  anon$$obj.o(Region$$Table)
    Region$$Table$$Limit                     0x0800a804   Number         0  anon$$obj.o(Region$$Table)
    __ctype                                  0x0800a82d   Data           0  lc_ctype_c.o(locale$$data)
    t                                        0x20000000   Data           4  main.o(.data)
    temp_pwm                                 0x20000004   Data           2  main.o(.data)
    GlobalStatus                             0x20000006   Data           1  main.o(.data)
    pos_x_offset                             0x20000008   Data           4  main.o(.data)
    pos_y_offset                             0x2000000c   Data           4  main.o(.data)
    zangle_offset                            0x20000010   Data           4  main.o(.data)
    DATAWBefore                              0x20000014   Data           1  main.o(.data)
    DATAYBefore                              0x20000015   Data           1  main.o(.data)
    status                                   0x20000018   Data           4  main.o(.data)
    tst1                                     0x2000001c   Data           4  main.o(.data)
    sendbuf                                  0x20000020   Data           1  main.o(.data)
    SystemCoreClock                          0x20000024   Data           4  system_stm32f4xx.o(.data)
    AHBPrescTable                            0x20000028   Data          16  system_stm32f4xx.o(.data)
    USART3_RX_STA                            0x20000038   Data           2  usart3.o(.data)
    Theta_0                                  0x2000003c   Data           4  usart3.o(.data)
    X_0                                      0x20000040   Data           4  usart3.o(.data)
    Y_0                                      0x20000044   Data           4  usart3.o(.data)
    Theta_q                                  0x20000048   Data           4  usart3.o(.data)
    Diff_Pos_X                               0x2000004c   Data           4  usart3.o(.data)
    aim_speed                                0x20000050   Data           8  usart3.o(.data)
    pos_x                                    0x20000058   Data           4  usart3.o(.data)
    pos_y                                    0x2000005c   Data           4  usart3.o(.data)
    velo_x                                   0x20000060   Data           4  usart3.o(.data)
    zangle                                   0x20000064   Data           4  usart3.o(.data)
    xangle                                   0x20000068   Data           4  usart3.o(.data)
    yangle                                   0x2000006c   Data           4  usart3.o(.data)
    w_z                                      0x20000070   Data           4  usart3.o(.data)
    Init_Angle                               0x20000078   Data           8  usart3.o(.data)
    USART2_RX_STA                            0x20000090   Data           2  usart2.o(.data)
    Callib_Angle                             0x20000094   Data           4  usart2.o(.data)
    Callib_X                                 0x20000098   Data           4  usart2.o(.data)
    Cross_Pos_X                              0x2000009c   Data           4  usart2.o(.data)
    Cross_Pos_Y                              0x200000a0   Data           4  usart2.o(.data)
    Resolution_X                             0x200000a4   Data           4  usart2.o(.data)
    Resolution_Y                             0x200000a8   Data           4  usart2.o(.data)
    Received_OK                              0x200000ac   Data           1  usart2.o(.data)
    Received_ERROR                           0x200000ad   Data           1  usart2.o(.data)
    Show_Flag                                0x200000ae   Data           1  usart2.o(.data)
    offset                                   0x200000b4   Data           4  led.o(.data)
    flagna                                   0x200000b8   Data           1  led.o(.data)
    A                                        0x200000e4   Data           4  can.o(.data)
    B                                        0x200000e8   Data           4  can.o(.data)
    Arrived                                  0x200000ec   Data           1  can.o(.data)
    XBufIndex                                0x200000ed   Data           1  can.o(.data)
    YBufIndex                                0x200000ee   Data           1  can.o(.data)
    YawBufIndex                              0x200000ef   Data           1  can.o(.data)
    Kp_x                                     0x200000f0   Data           4  can.o(.data)
    Ki_x                                     0x200000f4   Data           4  can.o(.data)
    Kd_x                                     0x200000f8   Data           4  can.o(.data)
    Kp_y                                     0x200000fc   Data           4  can.o(.data)
    Ki_y                                     0x20000100   Data           4  can.o(.data)
    Kd_y                                     0x20000104   Data           4  can.o(.data)
    Kp_theta                                 0x20000108   Data           4  can.o(.data)
    Ki_theta                                 0x2000010c   Data           4  can.o(.data)
    Kd_theta                                 0x20000110   Data           4  can.o(.data)
    Y_control                                0x20000114   Data           4  can.o(.data)
    temp_t                                   0x20000118   Data           4  can.o(.data)
    distance                                 0x2000011c   Data           4  can.o(.data)
    CAN_Time_Out                             0x20000120   Data           4  can.o(.data)
    can_tx_success_flag                      0x20000124   Data           1  can.o(.data)
    Real_Current_Value                       0x20000126   Data           8  can.o(.data)
    Real_Velocity_Value                      0x2000012e   Data           8  can.o(.data)
    Real_Online                              0x20000136   Data           4  can.o(.data)
    Real_Ctl1_Value                          0x2000013a   Data           4  can.o(.data)
    Real_Ctl2_Value                          0x2000013e   Data           4  can.o(.data)
    Reach_position                           0x20000142   Data           1  can.o(.data)
    Limit_switch1                            0x20000143   Data           1  can.o(.data)
    Limit_switch2                            0x20000144   Data           1  can.o(.data)
    Limit_switch3                            0x20000145   Data           1  can.o(.data)
    Light_LED                                0x20000146   Data           1  can.o(.data)
    Handkey                                  0x200001d8   Data           2  pstwo.o(.data)
    Comd                                     0x200001da   Data           2  pstwo.o(.data)
    Handle_Addup                             0x200001e0   Data           8  pstwo.o(.data)
    MASK                                     0x200001e8   Data          32  pstwo.o(.data)
    __stdout                                 0x20000210   Data           4  usart.o(.data)
    USART_RX_STA                             0x20000214   Data           2  usart.o(.data)
    CMFB1                                    0x20000228   Data          20  main.o(.bss)
    CMFB2                                    0x2000023c   Data          20  main.o(.bss)
    CMFB3                                    0x20000250   Data          20  main.o(.bss)
    USART3_TX_BUF                            0x20000268   Data         400  usart3.o(.bss)
    USART3_RX_BUF                            0x200003f8   Data         400  usart3.o(.bss)
    USART2_TX_BUF                            0x200005a0   Data         400  usart2.o(.bss)
    USART2_RX_BUF                            0x20000730   Data         400  usart2.o(.bss)
    XErrorBuf                                0x200008d8   Data          12  can.o(.bss)
    YErrorBuf                                0x200008e4   Data          12  can.o(.bss)
    YawErrorBuf                              0x200008f0   Data          12  can.o(.bss)
    Real_Position_Value                      0x200008fc   Data          16  can.o(.bss)
    Data                                     0x2000090c   Data           9  pstwo.o(.bss)
    OutData                                  0x20000918   Data          16  sys.o(.bss)
    databuf                                  0x20000928   Data          10  sys.o(.bss)
    temp1                                    0x20000934   Data          16  sys.o(.bss)
    temp                                     0x20000944   Data          16  sys.o(.bss)
    __libspace_start                         0x20000954   Data          96  libspace.o(.bss)
    __temporary_stack_top$libspace           0x200009b4   Data           0  libspace.o(.bss)



==============================================================================

Memory Map of the image

  Image Entry point : 0x08000189

  Load Region LR_IROM1 (Base: 0x08000000, Size: 0x0000ab58, Max: 0x00100000, ABSOLUTE, COMPRESSED[0x0000a99c])

    Execution Region ER_IROM1 (Base: 0x08000000, Size: 0x0000a930, Max: 0x00100000, ABSOLUTE)

    Base Addr    Size         Type   Attr      Idx    E Section Name        Object

    0x08000000   0x00000188   Data   RO          618    RESET               startup_stm32f40_41xxx.o
    0x08000188   0x00000008   Code   RO          848  * !!!main             c_w.l(__main.o)
    0x08000190   0x00000034   Code   RO         1250    !!!scatter          c_w.l(__scatter.o)
    0x080001c4   0x0000005a   Code   RO         1248    !!dczerorl2         c_w.l(__dczerorl2.o)
    0x0800021e   0x00000002   PAD
    0x08000220   0x0000001c   Code   RO         1252    !!handler_zi        c_w.l(__scatter_zi.o)
    0x0800023c   0x00000000   Code   RO          841    .ARM.Collect$$_printf_percent$$00000000  c_w.l(_printf_percent.o)
    0x0800023c   0x00000006   Code   RO          965    .ARM.Collect$$_printf_percent$$00000001  c_w.l(_printf_n.o)
    0x08000242   0x00000006   Code   RO          967    .ARM.Collect$$_printf_percent$$00000002  c_w.l(_printf_p.o)
    0x08000248   0x00000006   Code   RO          840    .ARM.Collect$$_printf_percent$$00000003  c_w.l(_printf_f.o)
    0x0800024e   0x00000006   Code   RO          972    .ARM.Collect$$_printf_percent$$00000004  c_w.l(_printf_e.o)
    0x08000254   0x00000006   Code   RO          973    .ARM.Collect$$_printf_percent$$00000005  c_w.l(_printf_g.o)
    0x0800025a   0x00000006   Code   RO          974    .ARM.Collect$$_printf_percent$$00000006  c_w.l(_printf_a.o)
    0x08000260   0x0000000a   Code   RO          979    .ARM.Collect$$_printf_percent$$00000007  c_w.l(_printf_ll.o)
    0x0800026a   0x00000006   Code   RO          969    .ARM.Collect$$_printf_percent$$00000008  c_w.l(_printf_i.o)
    0x08000270   0x00000006   Code   RO          970    .ARM.Collect$$_printf_percent$$00000009  c_w.l(_printf_d.o)
    0x08000276   0x00000006   Code   RO          971    .ARM.Collect$$_printf_percent$$0000000A  c_w.l(_printf_u.o)
    0x0800027c   0x00000006   Code   RO          968    .ARM.Collect$$_printf_percent$$0000000B  c_w.l(_printf_o.o)
    0x08000282   0x00000006   Code   RO          966    .ARM.Collect$$_printf_percent$$0000000C  c_w.l(_printf_x.o)
    0x08000288   0x00000006   Code   RO          976    .ARM.Collect$$_printf_percent$$0000000D  c_w.l(_printf_lli.o)
    0x0800028e   0x00000006   Code   RO          977    .ARM.Collect$$_printf_percent$$0000000E  c_w.l(_printf_lld.o)
    0x08000294   0x00000006   Code   RO          978    .ARM.Collect$$_printf_percent$$0000000F  c_w.l(_printf_llu.o)
    0x0800029a   0x00000006   Code   RO          983    .ARM.Collect$$_printf_percent$$00000010  c_w.l(_printf_llo.o)
    0x080002a0   0x00000006   Code   RO          984    .ARM.Collect$$_printf_percent$$00000011  c_w.l(_printf_llx.o)
    0x080002a6   0x0000000a   Code   RO          980    .ARM.Collect$$_printf_percent$$00000012  c_w.l(_printf_l.o)
    0x080002b0   0x00000006   Code   RO          963    .ARM.Collect$$_printf_percent$$00000013  c_w.l(_printf_c.o)
    0x080002b6   0x00000006   Code   RO          964    .ARM.Collect$$_printf_percent$$00000014  c_w.l(_printf_s.o)
    0x080002bc   0x00000006   Code   RO          981    .ARM.Collect$$_printf_percent$$00000015  c_w.l(_printf_lc.o)
    0x080002c2   0x00000006   Code   RO          982    .ARM.Collect$$_printf_percent$$00000016  c_w.l(_printf_ls.o)
    0x080002c8   0x00000004   Code   RO          975    .ARM.Collect$$_printf_percent$$00000017  c_w.l(_printf_percent_end.o)
    0x080002cc   0x00000002   Code   RO         1123    .ARM.Collect$$libinit$$00000000  c_w.l(libinit.o)
    0x080002ce   0x00000004   Code   RO         1124    .ARM.Collect$$libinit$$00000001  c_w.l(libinit2.o)
    0x080002d2   0x00000000   Code   RO         1127    .ARM.Collect$$libinit$$00000004  c_w.l(libinit2.o)
    0x080002d2   0x00000000   Code   RO         1130    .ARM.Collect$$libinit$$0000000A  c_w.l(libinit2.o)
    0x080002d2   0x00000000   Code   RO         1132    .ARM.Collect$$libinit$$0000000C  c_w.l(libinit2.o)
    0x080002d2   0x00000000   Code   RO         1134    .ARM.Collect$$libinit$$0000000E  c_w.l(libinit2.o)
    0x080002d2   0x00000006   Code   RO         1135    .ARM.Collect$$libinit$$0000000F  c_w.l(libinit2.o)
    0x080002d8   0x00000000   Code   RO         1137    .ARM.Collect$$libinit$$00000011  c_w.l(libinit2.o)
    0x080002d8   0x0000000c   Code   RO         1138    .ARM.Collect$$libinit$$00000012  c_w.l(libinit2.o)
    0x080002e4   0x00000000   Code   RO         1139    .ARM.Collect$$libinit$$00000013  c_w.l(libinit2.o)
    0x080002e4   0x00000000   Code   RO         1141    .ARM.Collect$$libinit$$00000015  c_w.l(libinit2.o)
    0x080002e4   0x0000000a   Code   RO         1142    .ARM.Collect$$libinit$$00000016  c_w.l(libinit2.o)
    0x080002ee   0x00000000   Code   RO         1143    .ARM.Collect$$libinit$$00000017  c_w.l(libinit2.o)
    0x080002ee   0x00000000   Code   RO         1145    .ARM.Collect$$libinit$$00000019  c_w.l(libinit2.o)
    0x080002ee   0x00000000   Code   RO         1147    .ARM.Collect$$libinit$$0000001B  c_w.l(libinit2.o)
    0x080002ee   0x00000000   Code   RO         1149    .ARM.Collect$$libinit$$0000001D  c_w.l(libinit2.o)
    0x080002ee   0x00000000   Code   RO         1151    .ARM.Collect$$libinit$$0000001F  c_w.l(libinit2.o)
    0x080002ee   0x00000000   Code   RO         1153    .ARM.Collect$$libinit$$00000021  c_w.l(libinit2.o)
    0x080002ee   0x00000000   Code   RO         1155    .ARM.Collect$$libinit$$00000023  c_w.l(libinit2.o)
    0x080002ee   0x00000000   Code   RO         1157    .ARM.Collect$$libinit$$00000025  c_w.l(libinit2.o)
    0x080002ee   0x00000000   Code   RO         1161    .ARM.Collect$$libinit$$0000002C  c_w.l(libinit2.o)
    0x080002ee   0x00000000   Code   RO         1163    .ARM.Collect$$libinit$$0000002E  c_w.l(libinit2.o)
    0x080002ee   0x00000000   Code   RO         1165    .ARM.Collect$$libinit$$00000030  c_w.l(libinit2.o)
    0x080002ee   0x00000000   Code   RO         1167    .ARM.Collect$$libinit$$00000032  c_w.l(libinit2.o)
    0x080002ee   0x00000002   Code   RO         1168    .ARM.Collect$$libinit$$00000033  c_w.l(libinit2.o)
    0x080002f0   0x00000002   Code   RO         1199    .ARM.Collect$$libshutdown$$00000000  c_w.l(libshutdown.o)
    0x080002f2   0x00000000   Code   RO         1209    .ARM.Collect$$libshutdown$$00000003  c_w.l(libshutdown2.o)
    0x080002f2   0x00000000   Code   RO         1212    .ARM.Collect$$libshutdown$$00000006  c_w.l(libshutdown2.o)
    0x080002f2   0x00000000   Code   RO         1215    .ARM.Collect$$libshutdown$$00000009  c_w.l(libshutdown2.o)
    0x080002f2   0x00000000   Code   RO         1217    .ARM.Collect$$libshutdown$$0000000B  c_w.l(libshutdown2.o)
    0x080002f2   0x00000000   Code   RO         1220    .ARM.Collect$$libshutdown$$0000000E  c_w.l(libshutdown2.o)
    0x080002f2   0x00000002   Code   RO         1221    .ARM.Collect$$libshutdown$$0000000F  c_w.l(libshutdown2.o)
    0x080002f4   0x00000000   Code   RO          910    .ARM.Collect$$rtentry$$00000000  c_w.l(__rtentry.o)
    0x080002f4   0x00000000   Code   RO         1025    .ARM.Collect$$rtentry$$00000002  c_w.l(__rtentry2.o)
    0x080002f4   0x00000006   Code   RO         1037    .ARM.Collect$$rtentry$$00000004  c_w.l(__rtentry4.o)
    0x080002fa   0x00000000   Code   RO         1027    .ARM.Collect$$rtentry$$00000009  c_w.l(__rtentry2.o)
    0x080002fa   0x00000004   Code   RO         1028    .ARM.Collect$$rtentry$$0000000A  c_w.l(__rtentry2.o)
    0x080002fe   0x00000000   Code   RO         1030    .ARM.Collect$$rtentry$$0000000C  c_w.l(__rtentry2.o)
    0x080002fe   0x00000008   Code   RO         1031    .ARM.Collect$$rtentry$$0000000D  c_w.l(__rtentry2.o)
    0x08000306   0x00000002   Code   RO         1169    .ARM.Collect$$rtexit$$00000000  c_w.l(rtexit.o)
    0x08000308   0x00000000   Code   RO         1179    .ARM.Collect$$rtexit$$00000002  c_w.l(rtexit2.o)
    0x08000308   0x00000004   Code   RO         1180    .ARM.Collect$$rtexit$$00000003  c_w.l(rtexit2.o)
    0x0800030c   0x00000006   Code   RO         1181    .ARM.Collect$$rtexit$$00000004  c_w.l(rtexit2.o)
    0x08000312   0x00000002   PAD
    0x08000314   0x00000368   Code   RO            3    .text               main.o
    0x0800067c   0x0000001a   Code   RO          202    .text               stm32f4xx_it.o
    0x08000696   0x00000002   PAD
    0x08000698   0x00000210   Code   RO          251    .text               system_stm32f4xx.o
    0x080008a8   0x00000454   Code   RO          277    .text               usart3.o
    0x08000cfc   0x000002c8   Code   RO          323    .text               usart2.o
    0x08000fc4   0x0000068c   Code   RO          351    .text               led.o
    0x08001650   0x00002988   Code   RO          407    .text               can.o
    0x08003fd8   0x000006b4   Code   RO          436    .text               timer.o
    0x0800468c   0x000000e0   Code   RO          467    .text               adc.o
    0x0800476c   0x000001c8   Code   RO          487    .text               pwm.o
    0x08004934   0x0000048c   Code   RO          511    .text               pstwo.o
    0x08004dc0   0x000000e8   Code   RO          538    .text               delay.o
    0x08004ea8   0x000000f8   Code   RO          560    .text               sys.o
    0x08004fa0   0x00000124   Code   RO          586    .text               usart.o
    0x080050c4   0x00000040   Code   RO          619    .text               startup_stm32f40_41xxx.o
    0x08005104   0x000000e0   Code   RO          625    .text               misc.o
    0x080051e4   0x00000294   Code   RO          645    .text               stm32f4xx_gpio.o
    0x08005478   0x0000065c   Code   RO          688    .text               stm32f4xx_rcc.o
    0x08005ad4   0x00000454   Code   RO          730    .text               stm32f4xx_usart.o
    0x08005f28   0x000009f0   Code   RO          750    .text               stm32f4xx_can.o
    0x08006918   0x00000ca2   Code   RO          770    .text               stm32f4xx_tim.o
    0x080075ba   0x00000002   PAD
    0x080075bc   0x00000464   Code   RO          790    .text               stm32f4xx_adc.o
    0x08007a20   0x00000002   Code   RO          810    .text               c_w.l(use_no_semi_2.o)
    0x08007a22   0x00000002   PAD
    0x08007a24   0x00000024   Code   RO          812    .text               c_w.l(c89vsprintf.o)
    0x08007a48   0x00000018   Code   RO          814    .text               c_w.l(__2printf.o)
    0x08007a60   0x00000188   Code   RO          837    .text               c_w.l(__printf_flags_ss_wp.o)
    0x08007be8   0x0000003e   Code   RO          842    .text               c_w.l(strlen.o)
    0x08007c26   0x00000064   Code   RO          844    .text               c_w.l(rt_memcpy_w.o)
    0x08007c8a   0x00000006   Code   RO          846    .text               c_w.l(heapauxi.o)
    0x08007c90   0x00000002   Code   RO          908    .text               c_w.l(use_no_semi.o)
    0x08007c92   0x00000016   Code   RO          911    .text               c_w.l(_rserrno.o)
    0x08007ca8   0x0000004e   Code   RO          913    .text               c_w.l(_printf_pad.o)
    0x08007cf6   0x00000024   Code   RO          915    .text               c_w.l(_printf_truncate.o)
    0x08007d1a   0x00000052   Code   RO          917    .text               c_w.l(_printf_str.o)
    0x08007d6c   0x00000078   Code   RO          919    .text               c_w.l(_printf_dec.o)
    0x08007de4   0x00000028   Code   RO          921    .text               c_w.l(_printf_charcount.o)
    0x08007e0c   0x0000041a   Code   RO          923    .text               c_w.l(_printf_fp_dec.o)
    0x08008226   0x00000002   PAD
    0x08008228   0x00000030   Code   RO          925    .text               c_w.l(_printf_char_common.o)
    0x08008258   0x0000000a   Code   RO          927    .text               c_w.l(_sputc.o)
    0x08008262   0x00000002   PAD
    0x08008264   0x00000024   Code   RO          929    .text               c_w.l(_printf_char_file.o)
    0x08008288   0x000000bc   Code   RO          931    .text               c_w.l(_printf_wctomb.o)
    0x08008344   0x0000007c   Code   RO          934    .text               c_w.l(_printf_longlong_dec.o)
    0x080083c0   0x00000070   Code   RO          940    .text               c_w.l(_printf_oct_int_ll.o)
    0x08008430   0x00000094   Code   RO          960    .text               c_w.l(_printf_hex_int_ll_ptr.o)
    0x080084c4   0x00000008   Code   RO         1042    .text               c_w.l(rt_locale_intlibspace.o)
    0x080084cc   0x00000008   Code   RO         1047    .text               c_w.l(rt_errno_addr_intlibspace.o)
    0x080084d4   0x0000008a   Code   RO         1049    .text               c_w.l(lludiv10.o)
    0x0800855e   0x000000b2   Code   RO         1051    .text               c_w.l(_printf_intcommon.o)
    0x08008610   0x00000080   Code   RO         1053    .text               c_w.l(_printf_fp_infnan.o)
    0x08008690   0x0000002c   Code   RO         1057    .text               c_w.l(_printf_char.o)
    0x080086bc   0x0000002c   Code   RO         1059    .text               c_w.l(_printf_wchar.o)
    0x080086e8   0x000000dc   Code   RO         1061    .text               c_w.l(bigflt0.o)
    0x080087c4   0x00000008   Code   RO         1086    .text               c_w.l(ferror.o)
    0x080087cc   0x00000040   Code   RO         1090    .text               c_w.l(_wcrtomb.o)
    0x0800880c   0x00000008   Code   RO         1107    .text               c_w.l(libspace.o)
    0x08008814   0x0000004a   Code   RO         1110    .text               c_w.l(sys_stackheap_outer.o)
    0x0800885e   0x00000002   PAD
    0x08008860   0x00000010   Code   RO         1112    .text               c_w.l(rt_ctype_table.o)
    0x08008870   0x0000000c   Code   RO         1114    .text               c_w.l(exit.o)
    0x0800887c   0x00000080   Code   RO         1116    .text               c_w.l(strcmpv7m.o)
    0x080088fc   0x0000003e   Code   RO         1064    CL$$btod_d2e        c_w.l(btod.o)
    0x0800893a   0x00000046   Code   RO         1066    CL$$btod_d2e_denorm_low  c_w.l(btod.o)
    0x08008980   0x00000060   Code   RO         1065    CL$$btod_d2e_norm_op1  c_w.l(btod.o)
    0x080089e0   0x00000338   Code   RO         1074    CL$$btod_div_common  c_w.l(btod.o)
    0x08008d18   0x000000c6   Code   RO         1071    CL$$btod_e2e        c_w.l(btod.o)
    0x08008dde   0x00000028   Code   RO         1068    CL$$btod_ediv       c_w.l(btod.o)
    0x08008e06   0x00000028   Code   RO         1067    CL$$btod_emul       c_w.l(btod.o)
    0x08008e2e   0x00000244   Code   RO         1073    CL$$btod_mult_common  c_w.l(btod.o)
    0x08009072   0x00000030   Code   RO         1103    i.__ARM_fpclassify  m_wm.l(fpclassify.o)
    0x080090a2   0x00000006   PAD
    0x080090a8   0x000000c8   Code   RO          884    i.__hardfp_cos      m_wm.l(cos.o)
    0x08009170   0x000000c8   Code   RO          896    i.__hardfp_sin      m_wm.l(sin.o)
    0x08009238   0x00000438   Code   RO         1013    i.__ieee754_rem_pio2  m_wm.l(rred.o)
    0x08009670   0x00000170   Code   RO          996    i.__kernel_cos      m_wm.l(cos_i.o)
    0x080097e0   0x000000f8   Code   RO         1105    i.__kernel_poly     m_wm.l(poly.o)
    0x080098d8   0x00000130   Code   RO         1018    i.__kernel_sin      m_wm.l(sin_i.o)
    0x08009a08   0x00000014   Code   RO         1000    i.__mathlib_dbl_infnan  m_wm.l(dunder.o)
    0x08009a1c   0x00000004   PAD
    0x08009a20   0x00000020   Code   RO         1002    i.__mathlib_dbl_invalid  m_wm.l(dunder.o)
    0x08009a40   0x00000020   Code   RO         1005    i.__mathlib_dbl_underflow  m_wm.l(dunder.o)
    0x08009a60   0x0000000e   Code   RO          830    i._is_digit         c_w.l(__printf_wp.o)
    0x08009a6e   0x00000018   Code   RO         1099    i.fabs              m_wm.l(fabs.o)
    0x08009a86   0x00000002   PAD
    0x08009a88   0x0000002c   Code   RO         1093    locale$$code        c_w.l(lc_numeric_c.o)
    0x08009ab4   0x0000002c   Code   RO         1172    locale$$code        c_w.l(lc_ctype_c.o)
    0x08009ae0   0x00000018   Code   RO          850    x$fpl$basic         fz_wm.l(basic.o)
    0x08009af8   0x00000062   Code   RO          852    x$fpl$d2f           fz_wm.l(d2f.o)
    0x08009b5a   0x00000002   PAD
    0x08009b5c   0x00000150   Code   RO          854    x$fpl$dadd          fz_wm.l(daddsub_clz.o)
    0x08009cac   0x00000018   Code   RO          985    x$fpl$dcmpinf       fz_wm.l(dcmpi.o)
    0x08009cc4   0x000002b0   Code   RO          861    x$fpl$ddiv          fz_wm.l(ddiv.o)
    0x08009f74   0x0000005e   Code   RO          864    x$fpl$dfix          fz_wm.l(dfix.o)
    0x08009fd2   0x0000002e   Code   RO          869    x$fpl$dflt          fz_wm.l(dflt_clz.o)
    0x0800a000   0x00000026   Code   RO          868    x$fpl$dfltu         fz_wm.l(dflt_clz.o)
    0x0800a026   0x00000002   PAD
    0x0800a028   0x00000078   Code   RO          874    x$fpl$dleqf         fz_wm.l(dleqf.o)
    0x0800a0a0   0x00000154   Code   RO          876    x$fpl$dmul          fz_wm.l(dmul.o)
    0x0800a1f4   0x0000009c   Code   RO          987    x$fpl$dnaninf       fz_wm.l(dnaninf.o)
    0x0800a290   0x0000000c   Code   RO          989    x$fpl$dretinf       fz_wm.l(dretinf.o)
    0x0800a29c   0x0000006c   Code   RO          878    x$fpl$drleqf        fz_wm.l(drleqf.o)
    0x0800a308   0x00000016   Code   RO          855    x$fpl$drsb          fz_wm.l(daddsub_clz.o)
    0x0800a31e   0x00000002   PAD
    0x0800a320   0x000001d4   Code   RO          856    x$fpl$dsub          fz_wm.l(daddsub_clz.o)
    0x0800a4f4   0x00000056   Code   RO          880    x$fpl$f2d           fz_wm.l(f2d.o)
    0x0800a54a   0x0000008c   Code   RO          991    x$fpl$fnaninf       fz_wm.l(fnaninf.o)
    0x0800a5d6   0x0000000a   Code   RO         1176    x$fpl$fpinit        fz_wm.l(fpinit.o)
    0x0800a5e0   0x0000000a   Code   RO          993    x$fpl$fretinf       fz_wm.l(fretinf.o)
    0x0800a5ea   0x00000004   Code   RO          882    x$fpl$printf1       fz_wm.l(printf1.o)
    0x0800a5ee   0x00000000   Code   RO          995    x$fpl$usenofp       fz_wm.l(usenofp.o)
    0x0800a5ee   0x00000011   Data   RO          838    .constdata          c_w.l(__printf_flags_ss_wp.o)
    0x0800a5ff   0x00000001   PAD
    0x0800a600   0x00000008   Data   RO          932    .constdata          c_w.l(_printf_wctomb.o)
    0x0800a608   0x00000028   Data   RO          961    .constdata          c_w.l(_printf_hex_int_ll_ptr.o)
    0x0800a630   0x00000030   Data   RO          997    .constdata          m_wm.l(cos_i.o)
    0x0800a660   0x000000c8   Data   RO         1015    .constdata          m_wm.l(rred.o)
    0x0800a728   0x00000028   Data   RO         1019    .constdata          m_wm.l(sin_i.o)
    0x0800a750   0x00000094   Data   RO         1062    .constdata          c_w.l(bigflt0.o)
    0x0800a7e4   0x00000020   Data   RO         1246    Region$$Table       anon$$obj.o
    0x0800a804   0x0000001c   Data   RO         1092    locale$$data        c_w.l(lc_numeric_c.o)
    0x0800a820   0x00000110   Data   RO         1171    locale$$data        c_w.l(lc_ctype_c.o)


    Execution Region RW_IRAM1 (Base: 0x20000000, Size: 0x00000fb8, Max: 0x00020000, ABSOLUTE, COMPRESSED[0x0000006c])

    Base Addr    Size         Type   Attr      Idx    E Section Name        Object

    0x20000000   0x00000021   Data   RW            5    .data               main.o
    0x20000021   0x00000003   PAD
    0x20000024   0x00000014   Data   RW          252    .data               system_stm32f4xx.o
    0x20000038   0x00000056   Data   RW          279    .data               usart3.o
    0x2000008e   0x00000002   PAD
    0x20000090   0x00000023   Data   RW          325    .data               usart2.o
    0x200000b3   0x00000001   PAD
    0x200000b4   0x00000030   Data   RW          352    .data               led.o
    0x200000e4   0x000000f0   Data   RW          409    .data               can.o
    0x200001d4   0x00000004   PAD
    0x200001d8   0x00000031   Data   RW          513    .data               pstwo.o
    0x20000209   0x00000001   PAD
    0x2000020a   0x00000004   Data   RW          539    .data               delay.o
    0x2000020e   0x00000002   PAD
    0x20000210   0x00000006   Data   RW          588    .data               usart.o
    0x20000216   0x00000010   Data   RW          689    .data               stm32f4xx_rcc.o
    0x20000226   0x00000002   PAD
    0x20000228   0x0000003c   Zero   RW            4    .bss                main.o
    0x20000264   0x00000004   PAD
    0x20000268   0x00000338   Zero   RW          278    .bss                usart3.o
    0x200005a0   0x00000338   Zero   RW          324    .bss                usart2.o
    0x200008d8   0x00000034   Zero   RW          408    .bss                can.o
    0x2000090c   0x00000009   Zero   RW          512    .bss                pstwo.o
    0x20000915   0x00000003   PAD
    0x20000918   0x0000003c   Zero   RW          561    .bss                sys.o
    0x20000954   0x00000060   Zero   RW         1108    .bss                c_w.l(libspace.o)
    0x200009b4   0x00000004   PAD
    0x200009b8   0x00000200   Zero   RW          617    HEAP                startup_stm32f40_41xxx.o
    0x20000bb8   0x00000400   Zero   RW          616    STACK               startup_stm32f40_41xxx.o


==============================================================================

Image component sizes


      Code (inc. data)   RO Data    RW Data    ZI Data      Debug   Object Name

       224         10          0          0          0       1143   adc.o
     10632        752          0        240         52      21966   can.o
       232          8          0          4          0       1429   delay.o
      1676        180          0         48          0       2990   led.o
       872         70          0         33         60     305183   main.o
       224         20          0          0          0       1829   misc.o
      1164         50          0         49          9       4225   pstwo.o
       456          8          0          0          0       1588   pwm.o
        64         26        392          0       1536        840   startup_stm32f40_41xxx.o
      1124         24          0          0          0      10502   stm32f4xx_adc.o
      2544         38          0          0          0       7980   stm32f4xx_can.o
       660         44          0          0          0       4105   stm32f4xx_gpio.o
        26          0          0          0          0       1226   stm32f4xx_it.o
      1628         52          0         16          0      12900   stm32f4xx_rcc.o
      3234         60          0          0          0      22308   stm32f4xx_tim.o
      1108         34          0          0          0       7804   stm32f4xx_usart.o
       248         20          0          0         60       1717   sys.o
       528         46          0         20          0       1795   system_stm32f4xx.o
      1716        114          0          0          0       1833   timer.o
       292         18          0          6          0       3939   usart.o
       712         66          0         35        824       2535   usart2.o
      1108        112          0         86        824       3751   usart3.o

    ----------------------------------------------------------------------
     30476       1752        424        552       3372     423588   Object Totals
         0          0         32          0          0          0   (incl. Generated)
         4          0          0         15          7          0   (incl. Padding)

    ----------------------------------------------------------------------

      Code (inc. data)   RO Data    RW Data    ZI Data      Debug   Library Member Name

        24          4          0          0          0         84   __2printf.o
        90          0          0          0          0          0   __dczerorl2.o
         8          0          0          0          0         68   __main.o
       392          4         17          0          0         92   __printf_flags_ss_wp.o
        14          0          0          0          0         68   __printf_wp.o
         0          0          0          0          0          0   __rtentry.o
        12          0          0          0          0          0   __rtentry2.o
         6          0          0          0          0          0   __rtentry4.o
        52          8          0          0          0          0   __scatter.o
        28          0          0          0          0          0   __scatter_zi.o
         6          0          0          0          0          0   _printf_a.o
         6          0          0          0          0          0   _printf_c.o
        44          0          0          0          0        108   _printf_char.o
        48          6          0          0          0         96   _printf_char_common.o
        36          4          0          0          0         80   _printf_char_file.o
        40          0          0          0          0         68   _printf_charcount.o
         6          0          0          0          0          0   _printf_d.o
       120         16          0          0          0         92   _printf_dec.o
         6          0          0          0          0          0   _printf_e.o
         6          0          0          0          0          0   _printf_f.o
      1050          0          0          0          0        216   _printf_fp_dec.o
       128         16          0          0          0         84   _printf_fp_infnan.o
         6          0          0          0          0          0   _printf_g.o
       148          4         40          0          0        160   _printf_hex_int_ll_ptr.o
         6          0          0          0          0          0   _printf_i.o
       178          0          0          0          0         88   _printf_intcommon.o
        10          0          0          0          0          0   _printf_l.o
         6          0          0          0          0          0   _printf_lc.o
        10          0          0          0          0          0   _printf_ll.o
         6          0          0          0          0          0   _printf_lld.o
         6          0          0          0          0          0   _printf_lli.o
         6          0          0          0          0          0   _printf_llo.o
         6          0          0          0          0          0   _printf_llu.o
         6          0          0          0          0          0   _printf_llx.o
       124         16          0          0          0         92   _printf_longlong_dec.o
         6          0          0          0          0          0   _printf_ls.o
         6          0          0          0          0          0   _printf_n.o
         6          0          0          0          0          0   _printf_o.o
       112          8          0          0          0        124   _printf_oct_int_ll.o
         6          0          0          0          0          0   _printf_p.o
        78          0          0          0          0        108   _printf_pad.o
         0          0          0          0          0          0   _printf_percent.o
         4          0          0          0          0          0   _printf_percent_end.o
         6          0          0          0          0          0   _printf_s.o
        82          0          0          0          0         80   _printf_str.o
        36          0          0          0          0         84   _printf_truncate.o
         6          0          0          0          0          0   _printf_u.o
        44          0          0          0          0        108   _printf_wchar.o
       188          6          8          0          0         92   _printf_wctomb.o
         6          0          0          0          0          0   _printf_x.o
        22          0          0          0          0        100   _rserrno.o
        10          0          0          0          0         68   _sputc.o
        64          0          0          0          0         92   _wcrtomb.o
       220          4        148          0          0         96   bigflt0.o
      1910        128          0          0          0        672   btod.o
        36          4          0          0          0         76   c89vsprintf.o
        12          0          0          0          0         72   exit.o
         8          0          0          0          0         68   ferror.o
         6          0          0          0          0        152   heapauxi.o
        44         10        272          0          0         76   lc_ctype_c.o
        44         10         28          0          0         76   lc_numeric_c.o
         2          0          0          0          0          0   libinit.o
        34          0          0          0          0          0   libinit2.o
         2          0          0          0          0          0   libshutdown.o
         2          0          0          0          0          0   libshutdown2.o
         8          4          0          0         96         68   libspace.o
       138          0          0          0          0         80   lludiv10.o
        16          4          0          0          0         76   rt_ctype_table.o
         8          4          0          0          0         68   rt_errno_addr_intlibspace.o
         8          4          0          0          0         68   rt_locale_intlibspace.o
       100          0          0          0          0         80   rt_memcpy_w.o
         2          0          0          0          0          0   rtexit.o
        10          0          0          0          0          0   rtexit2.o
       128          0          0          0          0         68   strcmpv7m.o
        62          0          0          0          0         76   strlen.o
        74          0          0          0          0         80   sys_stackheap_outer.o
         2          0          0          0          0         68   use_no_semi.o
         2          0          0          0          0         68   use_no_semi_2.o
        24          0          0          0          0        164   basic.o
        98          4          0          0          0        140   d2f.o
       826         16          0          0          0        492   daddsub_clz.o
        24          0          0          0          0        116   dcmpi.o
       688        140          0          0          0        256   ddiv.o
        94          4          0          0          0        140   dfix.o
        84          0          0          0          0        232   dflt_clz.o
       120          4          0          0          0        140   dleqf.o
       340         12          0          0          0        152   dmul.o
       156          4          0          0          0        140   dnaninf.o
        12          0          0          0          0        116   dretinf.o
       108          0          0          0          0        128   drleqf.o
        86          4          0          0          0        132   f2d.o
       140          4          0          0          0        132   fnaninf.o
        10          0          0          0          0        116   fpinit.o
        10          0          0          0          0        116   fretinf.o
         4          0          0          0          0        116   printf1.o
         0          0          0          0          0          0   usenofp.o
       200         20          0          0          0        164   cos.o
       368         46         48          0          0        200   cos_i.o
        84         16          0          0          0        372   dunder.o
        24          0          0          0          0        124   fabs.o
        48          0          0          0          0        124   fpclassify.o
       248          0          0          0          0        152   poly.o
      1080        142        200          0          0        188   rred.o
       200         20          0          0          0        164   sin.o
       304         24         40          0          0        208   sin_i.o

    ----------------------------------------------------------------------
     11610        724        802          0        100       8864   Library Totals
        30          0          1          0          4          0   (incl. Padding)

    ----------------------------------------------------------------------

      Code (inc. data)   RO Data    RW Data    ZI Data      Debug   Library Name

      6200        264        513          0         96       4340   c_w.l
      2824        192          0          0          0       2828   fz_wm.l
      2556        268        288          0          0       1696   m_wm.l

    ----------------------------------------------------------------------
     11610        724        802          0        100       8864   Library Totals

    ----------------------------------------------------------------------

==============================================================================


      Code (inc. data)   RO Data    RW Data    ZI Data      Debug   

     42086       2476       1226        552       3472     422960   Grand Totals
     42086       2476       1226        108       3472     422960   ELF Image Totals (compressed)
     42086       2476       1226        108          0          0   ROM Totals

==============================================================================

    Total RO  Size (Code + RO Data)                43312 (  42.30kB)
    Total RW  Size (RW Data + ZI Data)              4024 (   3.93kB)
    Total ROM Size (Code + RO Data + RW Data)      43420 (  42.40kB)

==============================================================================

